
 Start         Length     Name                   Class
 0001:00401000 000649D0H .text                   CODE
 0002:00466000 00000C70H .itext                  ICODE
 0003:00467000 00002D68H .data                   DATA
 0004:0046A000 000053B8H .bss                    BSS
 0005:00000000 00000014H .tls                    TLS
 0006:00400000 00000000H .pdata                  PDATA


Detailed map of segments

 0001:00000000 00008B60 C=CODE     S=.text    G=(none)   M=System   ACBP=A9
 0001:00008B60 00000730 C=CODE     S=.text    G=(none)   M=SysInit  ACBP=A9
 0001:00009290 0000090C C=CODE     S=.text    G=(none)   M=Winapi.Windows ACBP=A9
 0001:00009B9C 00000358 C=CODE     S=.text    G=(none)   M=System.SysConst ACBP=A9
 0001:00009EF4 000001F8 C=CODE     S=.text    G=(none)   M=System.RTLConsts ACBP=A9
 0001:0000A0EC 000091AC C=CODE     S=.text    G=(none)   M=System.Character ACBP=A9
 0001:00013298 00000430 C=CODE     S=.text    G=(none)   M=System.Internal.ExcUtils ACBP=A9
 0001:000136C8 0000DE0C C=CODE     S=.text    G=(none)   M=System.SysUtils ACBP=A9
 0001:000214D4 00000828 C=CODE     S=.text    G=(none)   M=System.VarUtils ACBP=A9
 0001:00021CFC 000083A8 C=CODE     S=.text    G=(none)   M=System.Variants ACBP=A9
 0001:0002A0A4 00002880 C=CODE     S=.text    G=(none)   M=System.TypInfo ACBP=A9
 0001:0002C924 00019084 C=CODE     S=.text    G=(none)   M=System.Classes ACBP=A9
 0001:000459A8 00000118 C=CODE     S=.text    G=(none)   M=System.Math ACBP=A9
 0001:00045AC0 00001D24 C=CODE     S=.text    G=(none)   M=System.TimeSpan ACBP=A9
 0001:000477E4 00000AC0 C=CODE     S=.text    G=(none)   M=System.SyncObjs ACBP=A9
 0001:000482A4 000000C4 C=CODE     S=.text    G=(none)   M=System.Rtti ACBP=A9
 0001:00048368 00013608 C=CODE     S=.text    G=(none)   M=ceflib   ACBP=A9
 0001:0005B970 000000FC C=CODE     S=.text    G=(none)   M=System.IOUtils ACBP=A9
 0001:0005BA6C 00000080 C=CODE     S=.text    G=(none)   M=System.IniFiles ACBP=A9
 0001:0005BAEC 00002FBC C=CODE     S=.text    G=(none)   M=System.Win.Registry ACBP=A9
 0001:0005EAA8 000006C4 C=CODE     S=.text    G=(none)   M=System.Contnrs ACBP=A9
 0001:0005F16C 000016A8 C=CODE     S=.text    G=(none)   M=ceffilescheme ACBP=A9
 0001:00060814 000041BC C=CODE     S=.text    G=(none)   M=cefclient ACBP=A9
 0002:00000000 000000B4 C=ICODE    S=.itext   G=(none)   M=System   ACBP=A9
 0002:000000B4 00000008 C=ICODE    S=.itext   G=(none)   M=SysInit  ACBP=A9
 0002:000000BC 00000018 C=ICODE    S=.itext   G=(none)   M=Winapi.Windows ACBP=A9
 0002:000000D4 00000020 C=ICODE    S=.itext   G=(none)   M=System.Internal.ExcUtils ACBP=A9
 0002:000000F4 00000290 C=ICODE    S=.itext   G=(none)   M=System.SysUtils ACBP=A9
 0002:00000384 00000010 C=ICODE    S=.itext   G=(none)   M=System.VarUtils ACBP=A9
 0002:00000394 000000B8 C=ICODE    S=.itext   G=(none)   M=System.Variants ACBP=A9
 0002:0000044C 00000008 C=ICODE    S=.itext   G=(none)   M=System.TypInfo ACBP=A9
 0002:00000454 00000090 C=ICODE    S=.itext   G=(none)   M=System.Classes ACBP=A9
 0002:000004E4 00000010 C=ICODE    S=.itext   G=(none)   M=System.Math ACBP=A9
 0002:000004F4 00000034 C=ICODE    S=.itext   G=(none)   M=System.TimeSpan ACBP=A9
 0002:00000528 00000010 C=ICODE    S=.itext   G=(none)   M=System.SyncObjs ACBP=A9
 0002:00000538 0000004C C=ICODE    S=.itext   G=(none)   M=System.Rtti ACBP=A9
 0002:00000584 00000014 C=ICODE    S=.itext   G=(none)   M=ceflib   ACBP=A9
 0002:00000598 00000460 C=ICODE    S=.itext   G=(none)   M=System.IOUtils ACBP=A9
 0002:000009F8 00000008 C=ICODE    S=.itext   G=(none)   M=System.IniFiles ACBP=A9
 0002:00000A00 000000A0 C=ICODE    S=.itext   G=(none)   M=System.Win.Registry ACBP=A9
 0002:00000AA0 000001D0 C=ICODE    S=.itext   G=(none)   M=cefclient ACBP=A9
 0003:00000000 00000C04 C=DATA     S=.data    G=DGROUP   M=System   ACBP=A9
 0003:00000C04 0000007C C=DATA     S=.data    G=DGROUP   M=SysInit  ACBP=A9
 0003:00000C80 0000000C C=DATA     S=.data    G=DGROUP   M=Winapi.Windows ACBP=A9
 0003:00000C8C 00000100 C=DATA     S=.data    G=DGROUP   M=System.Character ACBP=A9
 0003:00000D8C 00000118 C=DATA     S=.data    G=DGROUP   M=System.Internal.ExcUtils ACBP=A9
 0003:00000EA4 000018E0 C=DATA     S=.data    G=DGROUP   M=System.SysUtils ACBP=A9
 0003:00002784 00000008 C=DATA     S=.data    G=DGROUP   M=System.VarUtils ACBP=A9
 0003:0000278C 00000144 C=DATA     S=.data    G=DGROUP   M=System.Variants ACBP=A9
 0003:000028D0 0000000C C=DATA     S=.data    G=DGROUP   M=System.TypInfo ACBP=A9
 0003:000028DC 00000030 C=DATA     S=.data    G=DGROUP   M=System.Classes ACBP=A9
 0003:0000290C 00000008 C=DATA     S=.data    G=DGROUP   M=System.Rtti ACBP=A9
 0003:00002914 0000007C C=DATA     S=.data    G=DGROUP   M=ceflib   ACBP=A9
 0003:00002990 00000010 C=DATA     S=.data    G=DGROUP   M=System.IOUtils ACBP=A9
 0003:000029A0 0000000C C=DATA     S=.data    G=DGROUP   M=System.IniFiles ACBP=A9
 0003:000029AC 00000024 C=DATA     S=.data    G=DGROUP   M=System.Win.Registry ACBP=A9
 0003:000029D0 00000030 C=DATA     S=.data    G=DGROUP   M=ceffilescheme ACBP=A9
 0003:00002A00 00000010 C=DATA     S=.data    G=DGROUP   M=cefclient ACBP=A9
 0004:00000000 00002C44 C=BSS      S=.bss     G=DGROUP   M=System   ACBP=A9
 0004:00002C44 0000001C C=BSS      S=.bss     G=DGROUP   M=SysInit  ACBP=A9
 0004:00002C60 00000008 C=BSS      S=.bss     G=DGROUP   M=Winapi.Windows ACBP=A9
 0004:00002C68 0000001C C=BSS      S=.bss     G=DGROUP   M=System.Character ACBP=A9
 0004:00002C84 00000004 C=BSS      S=.bss     G=DGROUP   M=System.Internal.ExcUtils ACBP=A9
 0004:00002C88 00002270 C=BSS      S=.bss     G=DGROUP   M=System.SysUtils ACBP=A9
 0004:00004EF8 0000005C C=BSS      S=.bss     G=DGROUP   M=System.VarUtils ACBP=A9
 0004:00004F54 0000001C C=BSS      S=.bss     G=DGROUP   M=System.Variants ACBP=A9
 0004:00004F70 00000004 C=BSS      S=.bss     G=DGROUP   M=System.TypInfo ACBP=A9
 0004:00004F74 00000024 C=BSS      S=.bss     G=DGROUP   M=System.Classes ACBP=A9
 0004:00004F98 00000004 C=BSS      S=.bss     G=DGROUP   M=System.Math ACBP=A9
 0004:00004F9C 0000001C C=BSS      S=.bss     G=DGROUP   M=System.TimeSpan ACBP=A9
 0004:00004FB8 00000014 C=BSS      S=.bss     G=DGROUP   M=System.SyncObjs ACBP=A9
 0004:00004FCC 00000014 C=BSS      S=.bss     G=DGROUP   M=System.Rtti ACBP=A9
 0004:00004FE0 0000028C C=BSS      S=.bss     G=DGROUP   M=ceflib   ACBP=A9
 0004:0000526C 00000024 C=BSS      S=.bss     G=DGROUP   M=System.IOUtils ACBP=A9
 0004:00005290 00000004 C=BSS      S=.bss     G=DGROUP   M=System.IniFiles ACBP=A9
 0004:00005294 0000000C C=BSS      S=.bss     G=DGROUP   M=System.Win.Registry ACBP=A9
 0004:000052A0 00000118 C=BSS      S=.bss     G=DGROUP   M=cefclient ACBP=A9
 0005:00000000 00000008 C=TLS      S=.tls     G=(none)   M=System   ACBP=A9
 0005:00000008 00000004 C=TLS      S=.tls     G=(none)   M=System.SysUtils ACBP=A9
 0005:0000000C 00000008 C=TLS      S=.tls     G=(none)   M=System.Classes ACBP=A9


  Address             Publics by Name

 0004:000053B4       cefclient.$life
 0001:0006491C       cefclient..cefclient$2859$ActRec
 0001:00060814       cefclient..TCustomClient
 0001:00060AFC       cefclient..TCustomDisplay
 0001:00060988       cefclient..TCustomLifeSpan
 0001:00060A48       cefclient..TCustomLoad
 0004:000052A4       cefclient.backWnd
 0003:00002A04       cefclient.brows
 0003:00002A08       cefclient.browserId
 0004:000052BD       cefclient.canGoBack
 0004:000052BE       cefclient.canGoForward
 0002:00000AA0       cefclient.cefclient
 0001:000649C8       cefclient.cefclient$2859$ActRec.$0$Body
 0001:00060BF8       cefclient.CefWndProc
 0004:000052B4       cefclient.editWnd
 0004:000052B8       cefclient.editWndOldProc
 0001:000614F8       cefclient.Finalization
 0004:000052A8       cefclient.forwardWnd
 0003:00002A00       cefclient.handl
 0004:000052BC       cefclient.isLoading
 0003:00002A0C       cefclient.navigateto
 0001:000614CC       cefclient.RegisterSchemes
 0004:000052AC       cefclient.reloadWnd
 0004:000052C0       cefclient.setting
 0004:000052B0       cefclient.stopWnd
 0001:00061238       cefclient.TCustomClient.Create
 0001:000612C4       cefclient.TCustomClient.GetDisplayHandler
 0001:000612D8       cefclient.TCustomClient.GetLifeSpanHandler
 0001:000612EC       cefclient.TCustomClient.GetLoadHandler
 0001:00061460       cefclient.TCustomDisplay.OnAddressChange
 0001:000614A0       cefclient.TCustomDisplay.OnTitleChange
 0001:00061300       cefclient.TCustomLifeSpan.DoClose
 0001:0006132C       cefclient.TCustomLifeSpan.OnAfterCreated
 0001:00061358       cefclient.TCustomLifeSpan.OnBeforeClose
 0001:00061378       cefclient.TCustomLifeSpan.OnBeforePopup
 0001:00061408       cefclient.TCustomLoad.OnLoadEnd
 0001:0006142C       cefclient.TCustomLoad.OnLoadStart
 0004:000052A0       cefclient.Window
 0004:0000538C       cefclient.wndClass
 0001:0005F458       ceffilescheme..TFileInfo
 0001:0005F16C       ceffilescheme..TFileScheme
 0001:0005F360       ceffilescheme.Escape
 0001:0005FB60       ceffilescheme.FileSortCompare
 0001:0005FBA8       ceffilescheme.HTTPDecode
 0001:0005FEF4       ceffilescheme.OutPut
 0001:0005FF60       ceffilescheme.OutputUTF8
 0001:0005FCE0       ceffilescheme.ParseFileUrl
 0003:000029D0       ceffilescheme.s
 0001:0005F66C       ceffilescheme.TFileInfo.Create
 0001:0005FA2C       ceffilescheme.TFileInfo.Display
 0001:0005F978       ceffilescheme.TFileInfo.DisplayDate
 0001:0005F6D8       ceffilescheme.TFileInfo.DisplaySize
 0001:0005FE30       ceffilescheme.TFileScheme.Create
 0001:0005FE7C       ceffilescheme.TFileScheme.Destroy
 0001:0005FEAC       ceffilescheme.TFileScheme.GetResponseHeaders
 0001:0005FFCC       ceffilescheme.TFileScheme.ProcessRequest
 0001:000607E0       ceffilescheme.TFileScheme.ReadResponse
 0004:00004FE0       ceflib..611
 0001:0004FE94       ceflib..ECefException
 0001:0004D748       ceflib..TCefAppOwn
 0001:0004972C       ceflib..TCefBaseOwn
 0001:000498E8       ceflib..TCefBaseRef
 0001:0004EF74       ceflib..TCefBinaryValueRef
 0001:00049FA8       ceflib..TCefBrowserHostRef
 0001:0004A1F0       ceflib..TCefBrowserRef
 0001:0004BDD4       ceflib..TCefCallbackRef
 0001:0004B750       ceflib..TCefClientOwn
 0001:0004E6B8       ceflib..TCefCommandLineRef
 0001:0004BF2C       ceflib..TCefCompletionCallbackOwn
 0001:0004DE44       ceflib..TCefCookieManagerRef
 0001:0004D2E4       ceflib..TCefCookieVisitorOwn
 0001:0004DB18       ceflib..TCefDeleteCookiesCallbackOwn
 0001:0004F274       ceflib..TCefDictionaryValueRef
 0001:0004BC64       ceflib..TCefDisplayHandlerOwn
 0001:0004CA78       ceflib..TCefDomDocumentRef
 0001:0004CCF0       ceflib..TCefDomNodeRef
 0001:0004C77C       ceflib..TCefDomVisitorOwn
 0001:0004C018       ceflib..TCefFastCompletionCallback
 0001:0004D3C8       ceflib..TCefFastCookieVisitor
 0001:0004DC0C       ceflib..TCefFastDeleteCookiesCallback
 0001:0004C858       ceflib..TCefFastDomVisitor
 0001:0004FAEC       ceflib..TCefFastNavigationEntryVisitor
 0001:0004FD70       ceflib..TCefFastPdfPrintCallback
 0001:00049BD8       ceflib..TCefFastRunFileDialogCallback
 0001:0004D980       ceflib..TCefFastSetCookieCallback
 0001:0004E44C       ceflib..TCefFastStringVisitor
 0001:0004D12C       ceflib..TCefFastV8Accessor
 0001:0004A478       ceflib..TCefFrameRef
 0001:0004B90C       ceflib..TCefLifeSpanHandlerOwn
 0001:0004EB28       ceflib..TCefListValueRef
 0001:0004BAA4       ceflib..TCefLoadHandlerOwn
 0001:0004F898       ceflib..TCefNavigationEntryRef
 0001:0004F9FC       ceflib..TCefNavigationEntryVisitorOwn
 0001:0004FC88       ceflib..TCefPdfPrintCallbackOwn
 0001:0004A7DC       ceflib..TCefPostDataElementRef
 0001:0004A600       ceflib..TCefPostDataRef
 0001:0004E158       ceflib..TCefProcessMessageRef
 0001:0004F6CC       ceflib..TCefRequestContextHandlerRef
 0001:0004F478       ceflib..TCefRequestContextRef
 0001:0004AA34       ceflib..TCefRequestRef
 0001:0004C204       ceflib..TCefResourceHandlerOwn
 0001:0004CEAC       ceflib..TCefResponseRef
 0001:00049AE8       ceflib..TCefRunFileDialogCallbackOwn
 0001:0004C3D4       ceflib..TCefSchemeHandlerFactoryOwn
 0001:0004E884       ceflib..TCefSchemeRegistrarRef
 0001:0004D894       ceflib..TCefSetCookieCallbackOwn
 0001:0004E2FC       ceflib..TCefStringVisitorOwn
 0001:0004C58C       ceflib..TCefTaskRunnerRef
 0001:0004D04C       ceflib..TCefV8AccessorOwn
 0001:0004B374       ceflib..TCefv8ContextRef
 0001:0004D5A8       ceflib..TCefV8ExceptionRef
 0001:0004B53C       ceflib..TCefv8HandlerRef
 0001:0004AE40       ceflib..TCefv8ValueRef
 0001:0004EDAC       ceflib..TCefValueRef
 0001:0004FF58       ceflib..TInternalApp
 0003:00002968       ceflib.CefAcceptLanguageList
 0003:00002964       ceflib.CefBackgroundColor
 0001:000537BC       ceflib.CefBrowserHostCreate
 0003:00002978       ceflib.CefBrowserProcessHandler
 0003:00002944       ceflib.CefBrowserSubprocessPath
 0003:00002918       ceflib.CefCache
 0003:00002948       ceflib.CefCommandLineArgsDisabled
 0003:0000295C       ceflib.CefContextSafetyImplementation
 0001:000537AC       ceflib.CefGetData
 0003:00002950       ceflib.CefGetDataResource
 0003:00002954       ceflib.CefGetLocalizedString
 0003:00002961       ceflib.CefIgnoreCertificateErrors
 0003:0000298C       ceflib.CefIsMainProcess
 0003:00002934       ceflib.CefJavaScriptFlags
 0002:00000584       ceflib.ceflib
 0003:00002914       ceflib.CefLibrary
 0001:00050154       ceflib.CefLoadLib
 0001:000500A0       ceflib.CefLoadLibDefault
 0003:00002928       ceflib.CefLocale
 0003:0000293C       ceflib.CefLocalesDirPath
 0003:0000292C       ceflib.CefLogFile
 0003:00002930       ceflib.CefLogSeverity
 0003:00002942       ceflib.CefNoSandbox
 0003:00002980       ceflib.CefOnBeforeCommandLineProcessing
 0003:00002984       ceflib.CefOnRegisterCustomSchemes
 0003:00002940       ceflib.CefPackLoadingDisabled
 0003:00002960       ceflib.CefPersistSessionCookies
 0003:00002924       ceflib.CefProductVersion
 0001:000536F8       ceflib.CefRegisterSchemeHandlerFactory
 0003:0000294C       ceflib.CefRemoteDebuggingPort
 0003:0000297C       ceflib.CefRenderProcessHandler
 0003:00002974       ceflib.CefResourceBundleHandler
 0003:00002938       ceflib.CefResourcesDirPath
 0001:000535B0       ceflib.CefRunMessageLoop
 0001:000535C0       ceflib.CefShutDown
 0003:00002941       ceflib.CefSingleProcess
 0001:000535EC       ceflib.CefString
 0001:00053618       ceflib.CefString
 0001:00053638       ceflib.CefStringAlloc
 0001:000536B4       ceflib.CefStringClearAndGet
 0001:000536D0       ceflib.CefStringFreeAndGet
 0001:0005367C       ceflib.CefStringSet
 0001:000538F4       ceflib.CefTimeToDateTime
 0001:0005387C       ceflib.CefTimeToSystemTime
 0003:00002958       ceflib.CefUncaughtExceptionStackSize
 0003:00002920       ceflib.CefUserAgent
 0003:0000291C       ceflib.CefUserDataPath
 0003:00002970       ceflib.CefWindowlessRenderingEnabled
 0003:0000296C       ceflib.CefWindowsSandboxInfo
 0004:000050DC       ceflib.cef_add_cross_origin_whitelist_entry
 0004:000051EC       ceflib.cef_add_web_plugin_directory
 0004:000051E8       ceflib.cef_add_web_plugin_path
 0001:00054D0C       ceflib.cef_app_get_browser_process_handler
 0001:00054D6C       ceflib.cef_app_get_render_process_handler
 0001:00054CAC       ceflib.cef_app_get_resource_bundle_handler
 0001:00054BD8       ceflib.cef_app_on_before_command_line_processing
 0001:00054C50       ceflib.cef_app_on_register_custom_schemes
 0004:00005108       ceflib.cef_base64decode
 0004:00005104       ceflib.cef_base64encode
 0001:00053964       ceflib.cef_base_add_ref
 0001:000539B0       ceflib.cef_base_add_ref_owned
 0001:00053994       ceflib.cef_base_has_one_ref
 0001:000539C4       ceflib.cef_base_has_one_ref_owned
 0001:0005397C       ceflib.cef_base_release
 0001:000539B8       ceflib.cef_base_release_owned
 0004:00005210       ceflib.cef_begin_tracing
 0004:000051C4       ceflib.cef_binary_value_create
 0004:0000506C       ceflib.cef_browser_host_create_browser
 0004:00005070       ceflib.cef_browser_host_create_browser_sync
 0004:000050E4       ceflib.cef_clear_cross_origin_whitelist
 0004:000050D8       ceflib.cef_clear_scheme_handler_factories
 0001:000539D0       ceflib.cef_client_get_context_menu_handler
 0001:00053A34       ceflib.cef_client_get_dialog_handler
 0001:00053A98       ceflib.cef_client_get_display_handler
 0001:00053AFC       ceflib.cef_client_get_download_handler
 0001:00053B60       ceflib.cef_client_get_drag_handler
 0001:00053BC4       ceflib.cef_client_get_find_handler
 0001:00053C28       ceflib.cef_client_get_focus_handler
 0001:00053C8C       ceflib.cef_client_get_geolocation_handler
 0001:00053E80       ceflib.cef_client_get_get_render_handler
 0001:00053CF0       ceflib.cef_client_get_jsdialog_handler
 0001:00053D54       ceflib.cef_client_get_keyboard_handler
 0001:00053DB8       ceflib.cef_client_get_life_span_handler
 0001:00053E1C       ceflib.cef_client_get_load_handler
 0001:00053EE4       ceflib.cef_client_get_request_handler
 0001:00053F48       ceflib.cef_client_on_process_message_received
 0004:000051B4       ceflib.cef_command_line_create
 0004:000051B8       ceflib.cef_command_line_get_global
 0001:000551A4       ceflib.cef_completion_callback_on_complete
 0004:000051B0       ceflib.cef_cookie_manager_create_manager
 0004:000051AC       ceflib.cef_cookie_manager_get_global_manager
 0001:00054AD0       ceflib.cef_cookie_visitor_visit
 0004:000050F8       ceflib.cef_create_url
 0004:000050E8       ceflib.cef_currently_on
 0001:00055248       ceflib.cef_delete_cookie_callback_on_complete
 0004:000051C8       ceflib.cef_dictionary_value_create
 0001:000544D0       ceflib.cef_display_handler_on_address_change
 0001:00054858       ceflib.cef_display_handler_on_console_message
 0001:000545DC       ceflib.cef_display_handler_on_favicon_urlchange
 0001:000546D8       ceflib.cef_display_handler_on_fullscreen_mode_change
 0001:000547E0       ceflib.cef_display_handler_on_status_message
 0001:00054564       ceflib.cef_display_handler_on_title_change
 0001:0005473C       ceflib.cef_display_handler_on_tooltip
 0001:000548F4       ceflib.cef_dom_visitor_visite
 0004:00005074       ceflib.cef_do_message_loop_work
 0004:00005264       ceflib.cef_drag_data_create
 0004:00005084       ceflib.cef_enable_highdpi_support
 0004:00005214       ceflib.cef_end_tracing
 0004:00005088       ceflib.cef_execute_process
 0004:000051F8       ceflib.cef_force_web_plugin_shutdown
 0004:00005238       ceflib.cef_get_current_platform_thread_handle
 0004:00005234       ceflib.cef_get_current_platform_thread_id
 0004:00005100       ceflib.cef_get_extensions_for_mime_type
 0004:00005204       ceflib.cef_get_geolocation
 0004:000050FC       ceflib.cef_get_mime_type
 0004:00005228       ceflib.cef_get_min_log_level
 0004:000051D0       ceflib.cef_get_path
 0004:0000522C       ceflib.cef_get_vlog_level
 0004:0000508C       ceflib.cef_initialize
 0004:00005200       ceflib.cef_is_web_plugin_unstable
 0004:000051D4       ceflib.cef_launch_process
 0001:00054250       ceflib.cef_life_span_handler_do_close
 0001:00054134       ceflib.cef_life_span_handler_on_after_created
 0001:00054190       ceflib.cef_life_span_handler_on_before_close
 0001:00053FCC       ceflib.cef_life_span_handler_on_before_popup
 0001:000541EC       ceflib.cef_life_span_handler_run_modal
 0004:000051CC       ceflib.cef_list_value_create
 0001:000542B4       ceflib.cef_load_handler_on_loading_state_change
 0001:000543A4       ceflib.cef_load_handler_on_load_end
 0001:00054424       ceflib.cef_load_handler_on_load_error
 0001:00054328       ceflib.cef_load_handler_on_load_start
 0004:00005230       ceflib.cef_log
 0001:000551B8       ceflib.cef_navigation_entry_visitor_visit
 0004:00005218       ceflib.cef_now_from_system_trace_time
 0004:00005114       ceflib.cef_parse_csscolor
 0004:00005118       ceflib.cef_parse_json
 0004:0000511C       ceflib.cef_parse_jsonand_return_error
 0004:000050F4       ceflib.cef_parse_url
 0001:00055260       ceflib.cef_pdf_print_callback_on_pdf_print_finished
 0004:00005128       ceflib.cef_post_data_create
 0004:0000512C       ceflib.cef_post_data_element_create
 0004:000050F0       ceflib.cef_post_delayed_task
 0004:000050EC       ceflib.cef_post_task
 0004:00005260       ceflib.cef_print_settings_create
 0004:000051BC       ceflib.cef_process_message_create
 0004:0000507C       ceflib.cef_quit_message_loop
 0004:000051E4       ceflib.cef_refresh_web_plugins
 0004:000050D0       ceflib.cef_register_extension
 0004:000050D4       ceflib.cef_register_scheme_handler_factory
 0004:000051FC       ceflib.cef_register_web_plugin_crash
 0004:000050E0       ceflib.cef_remove_cross_origin_whitelist_entry
 0004:000051F0       ceflib.cef_remove_web_plugin_path
 0004:00005220       ceflib.cef_request_context_create_context
 0004:0000521C       ceflib.cef_request_context_get_global_context
 0004:00005124       ceflib.cef_request_create
 0004:00005268       ceflib.cef_resource_bundle_get_global
 0001:000550B4       ceflib.cef_resource_handler_cancel
 0001:00055074       ceflib.cef_resource_handler_can_get_cookie
 0001:00055094       ceflib.cef_resource_handler_can_set_cookie
 0001:00054F78       ceflib.cef_resource_handler_get_response_headers
 0001:00054EF4       ceflib.cef_resource_handler_process_request
 0001:00055004       ceflib.cef_resource_handler_read_response
 0004:000051D8       ceflib.cef_response_create
 0001:000550C8       ceflib.cef_run_file_dialog_callback_on_file_dialog_dismissed
 0004:00005078       ceflib.cef_run_message_loop
 0001:00054E20       ceflib.cef_scheme_handler_factory_create
 0001:0005522C       ceflib.cef_set_cookie_callback_on_complete
 0004:00005080       ceflib.cef_set_osmodal_loop
 0004:00005090       ceflib.cef_shutdown
 0004:00005134       ceflib.cef_stream_reader_create_for_data
 0004:00005130       ceflib.cef_stream_reader_create_for_file
 0004:00005138       ceflib.cef_stream_reader_create_for_handler
 0004:0000513C       ceflib.cef_stream_writer_create_for_file
 0004:00005140       ceflib.cef_stream_writer_create_for_handler
 0004:00005044       ceflib.cef_string_ascii_to_utf16
 0004:00005040       ceflib.cef_string_ascii_to_wide
 0004:00005000       ceflib.cef_string_clear
 0004:00005048       ceflib.cef_string_from_ascii
 0004:00005034       ceflib.cef_string_from_utf16
 0004:0000502C       ceflib.cef_string_from_utf8
 0004:0000503C       ceflib.cef_string_from_wide
 0004:000050B4       ceflib.cef_string_list_alloc
 0004:000050C0       ceflib.cef_string_list_append
 0004:000050C4       ceflib.cef_string_list_clear
 0004:000050CC       ceflib.cef_string_list_copy
 0004:000050C8       ceflib.cef_string_list_free
 0004:000050B8       ceflib.cef_string_list_size
 0004:000050BC       ceflib.cef_string_list_value
 0004:00005094       ceflib.cef_string_map_alloc
 0004:000050A8       ceflib.cef_string_map_append
 0004:000050AC       ceflib.cef_string_map_clear
 0004:0000509C       ceflib.cef_string_map_find
 0004:000050B0       ceflib.cef_string_map_free
 0004:000050A0       ceflib.cef_string_map_key
 0004:00005098       ceflib.cef_string_map_size
 0004:000050A4       ceflib.cef_string_map_value
 0004:00005188       ceflib.cef_string_multimap_alloc
 0004:000051A0       ceflib.cef_string_multimap_append
 0004:000051A4       ceflib.cef_string_multimap_clear
 0004:00005194       ceflib.cef_string_multimap_enumerate
 0004:00005190       ceflib.cef_string_multimap_find_count
 0004:000051A8       ceflib.cef_string_multimap_free
 0004:00005198       ceflib.cef_string_multimap_key
 0004:0000518C       ceflib.cef_string_multimap_size
 0004:0000519C       ceflib.cef_string_multimap_value
 0004:00004FF0       ceflib.cef_string_set
 0004:00005030       ceflib.cef_string_to_utf16
 0004:00005028       ceflib.cef_string_to_utf8
 0004:00005038       ceflib.cef_string_to_wide
 0004:00005058       ceflib.cef_string_userfree_alloc
 0004:00005068       ceflib.cef_string_userfree_free
 0004:00005054       ceflib.cef_string_userfree_utf16_alloc
 0004:00005064       ceflib.cef_string_userfree_utf16_free
 0004:00005050       ceflib.cef_string_userfree_utf8_alloc
 0004:00005060       ceflib.cef_string_userfree_utf8_free
 0004:0000504C       ceflib.cef_string_userfree_wide_alloc
 0004:0000505C       ceflib.cef_string_userfree_wide_free
 0004:00004FFC       ceflib.cef_string_utf16_clear
 0004:0000500C       ceflib.cef_string_utf16_cmp
 0001:00050084       ceflib.cef_string_utf16_copy
 0004:00004FEC       ceflib.cef_string_utf16_set
 0004:00005024       ceflib.cef_string_utf16_to_utf8
 0004:0000501C       ceflib.cef_string_utf16_to_wide
 0004:00004FF8       ceflib.cef_string_utf8_clear
 0004:00005008       ceflib.cef_string_utf8_cmp
 0004:00004FE8       ceflib.cef_string_utf8_set
 0004:00005020       ceflib.cef_string_utf8_to_utf16
 0004:00005014       ceflib.cef_string_utf8_to_wide
 0001:00054DCC       ceflib.cef_string_visitor_visit
 0004:00004FF4       ceflib.cef_string_wide_clear
 0004:00005004       ceflib.cef_string_wide_cmp
 0004:00004FE4       ceflib.cef_string_wide_set
 0004:00005018       ceflib.cef_string_wide_to_utf16
 0004:00005010       ceflib.cef_string_wide_to_utf8
 0004:00005208       ceflib.cef_task_runner_get_for_current_thread
 0004:0000520C       ceflib.cef_task_runner_get_for_thread
 0004:00005248       ceflib.cef_trace_counter
 0004:0000524C       ceflib.cef_trace_counter_id
 0004:00005250       ceflib.cef_trace_event_async_begin
 0004:0000525C       ceflib.cef_trace_event_async_end
 0004:00005254       ceflib.cef_trace_event_async_step_into
 0004:00005258       ceflib.cef_trace_event_async_step_past
 0004:00005240       ceflib.cef_trace_event_begin
 0004:00005244       ceflib.cef_trace_event_end
 0004:0000523C       ceflib.cef_trace_event_instant
 0004:000051F4       ceflib.cef_unregister_internal_web_plugin
 0004:00005110       ceflib.cef_uridecode
 0004:0000510C       ceflib.cef_uriencode
 0004:000051DC       ceflib.cef_urlrequest_create
 0004:00005144       ceflib.cef_v8context_get_current_context
 0004:00005148       ceflib.cef_v8context_get_entered_context
 0004:0000514C       ceflib.cef_v8context_in_context
 0004:0000517C       ceflib.cef_v8stack_trace_get_current
 0004:00005174       ceflib.cef_v8value_create_array
 0004:00005158       ceflib.cef_v8value_create_bool
 0004:00005168       ceflib.cef_v8value_create_date
 0004:00005164       ceflib.cef_v8value_create_double
 0004:00005178       ceflib.cef_v8value_create_function
 0004:0000515C       ceflib.cef_v8value_create_int
 0004:00005154       ceflib.cef_v8value_create_null
 0004:00005170       ceflib.cef_v8value_create_object
 0004:0000516C       ceflib.cef_v8value_create_string
 0004:00005160       ceflib.cef_v8value_create_uint
 0004:00005150       ceflib.cef_v8value_create_undefined
 0001:00054950       ceflib.cef_v8_accessor_get
 0001:00054A20       ceflib.cef_v8_accessor_put
 0004:000051C0       ceflib.cef_value_create
 0004:000051E0       ceflib.cef_visit_web_plugin_info
 0004:00005120       ceflib.cef_write_json
 0004:00005180       ceflib.cef_xml_reader_create
 0004:00005184       ceflib.cef_zip_reader_create
 0004:00005224       ceflib.create_context_shared
 0001:0005392C       ceflib.DateTimeToCefTime
 0001:0005B878       ceflib.Finalization
 0003:00002988       ceflib.LibHandle
 0001:000538BC       ceflib.SystemTimeToCefTime
 0001:0005007C       ceflib.SystemTimeToTzSpecificLocalTime
 0001:00058050       ceflib.TCefAppOwn.Create
 0001:000552C0       ceflib.TCefBaseOwn.CreateData
 0001:00055354       ceflib.TCefBaseOwn.Destroy
 0001:00055384       ceflib.TCefBaseOwn.Wrap
 0001:00055398       ceflib.TCefBaseRef.Create
 0001:00055480       ceflib.TCefBaseRef.Destroy
 0001:000554B4       ceflib.TCefBaseRef.UnWrap
 0001:000554FC       ceflib.TCefBaseRef.Wrap
 0001:00059D4C       ceflib.TCefBinaryValueRef.Copy
 0001:00059D6C       ceflib.TCefBinaryValueRef.GetData
 0001:00059D84       ceflib.TCefBinaryValueRef.GetSize
 0001:00059D8C       ceflib.TCefBinaryValueRef.IsEqual
 0001:00059DF8       ceflib.TCefBinaryValueRef.IsOwned
 0001:00059E0C       ceflib.TCefBinaryValueRef.IsSame
 0001:00059E78       ceflib.TCefBinaryValueRef.IsValid
 0001:00059E8C       ceflib.TCefBinaryValueRef.New
 0001:00059EB8       ceflib.TCefBinaryValueRef.UnWrap
 0001:00058D80       ceflib.TCefBrowserHostRef.AddWordToDictionary
 0001:00058DA0       ceflib.TCefBrowserHostRef.CloseBrowser
 0001:00058A10       ceflib.TCefBrowserHostRef.CloseDevTools
 0001:00058A18       ceflib.TCefBrowserHostRef.DragSourceEndedAt
 0001:00058A34       ceflib.TCefBrowserHostRef.DragSourceSystemDragEnded
 0001:00058A40       ceflib.TCefBrowserHostRef.DragTargetDragEnter
 0001:00058AB0       ceflib.TCefBrowserHostRef.DragTargetDragLeave
 0001:00058ABC       ceflib.TCefBrowserHostRef.DragTargetDragOver
 0001:00058AD4       ceflib.TCefBrowserHostRef.DragTargetDrop
 0001:00058AE0       ceflib.TCefBrowserHostRef.Find
 0001:00058B20       ceflib.TCefBrowserHostRef.GetBrowser
 0001:00058E90       ceflib.TCefBrowserHostRef.GetNavigationEntries
 0001:00058EF8       ceflib.TCefBrowserHostRef.GetNavigationEntriesProc
 0001:00058F28       ceflib.TCefBrowserHostRef.GetNsTextInputContext
 0001:00058E68       ceflib.TCefBrowserHostRef.GetOpenerWindowHandle
 0001:00058E70       ceflib.TCefBrowserHostRef.GetRequestContext
 0001:00058E54       ceflib.TCefBrowserHostRef.GetWindowHandle
 0001:00058E5C       ceflib.TCefBrowserHostRef.GetWindowlessFrameRate
 0001:00058F34       ceflib.TCefBrowserHostRef.GetZoomLevel
 0001:00058F48       ceflib.TCefBrowserHostRef.HandleKeyEventAfterTextInputClient
 0001:00058F54       ceflib.TCefBrowserHostRef.HandleKeyEventBeforeTextInputClient
 0001:00058F60       ceflib.TCefBrowserHostRef.Invalidate
 0001:00058F6C       ceflib.TCefBrowserHostRef.IsMouseCursorChangeDisabled
 0001:00058F80       ceflib.TCefBrowserHostRef.IsWindowRenderingDisabled
 0001:00058F94       ceflib.TCefBrowserHostRef.NotifyMoveOrResizeStarted
 0001:00058FA0       ceflib.TCefBrowserHostRef.NotifyScreenInfoChanged
 0001:00058B40       ceflib.TCefBrowserHostRef.Print
 0001:00058B48       ceflib.TCefBrowserHostRef.PrintToPdf
 0001:00058BC8       ceflib.TCefBrowserHostRef.PrintToPdfProc
 0001:00058C00       ceflib.TCefBrowserHostRef.ReplaceMisspelling
 0001:00058C20       ceflib.TCefBrowserHostRef.RunFileDialog
 0001:00058D3C       ceflib.TCefBrowserHostRef.RunFileDialogProc
 0001:00058DAC       ceflib.TCefBrowserHostRef.SendCaptureLostEvent
 0001:00058DB8       ceflib.TCefBrowserHostRef.SendFocusEvent
 0001:00058DC8       ceflib.TCefBrowserHostRef.SendKeyEvent
 0001:00058DD4       ceflib.TCefBrowserHostRef.SendMouseClickEvent
 0001:00058DF4       ceflib.TCefBrowserHostRef.SendMouseMoveEvent
 0001:00058E08       ceflib.TCefBrowserHostRef.SendMouseWheelEvent
 0001:00058E24       ceflib.TCefBrowserHostRef.SetFocus
 0001:00058E30       ceflib.TCefBrowserHostRef.SetMouseCursorChangeDisabled
 0001:00058E3C       ceflib.TCefBrowserHostRef.SetWindowlessFrameRate
 0001:00058E48       ceflib.TCefBrowserHostRef.SetWindowVisibility
 0001:00058FA8       ceflib.TCefBrowserHostRef.SetZoomLevel
 0001:00058FBC       ceflib.TCefBrowserHostRef.ShowDevTools
 0001:0005902C       ceflib.TCefBrowserHostRef.StartDownload
 0001:0005904C       ceflib.TCefBrowserHostRef.StopFinding
 0001:00059058       ceflib.TCefBrowserHostRef.UnWrap
 0001:000590A0       ceflib.TCefBrowserHostRef.WasHidden
 0001:000590AC       ceflib.TCefBrowserHostRef.WasResized
 0001:00055530       ceflib.TCefBrowserRef.CanGoBack
 0001:00055544       ceflib.TCefBrowserRef.CanGoForward
 0001:00055558       ceflib.TCefBrowserRef.GetFocusedFrame
 0001:000555A4       ceflib.TCefBrowserRef.GetFrame
 0001:00055578       ceflib.TCefBrowserRef.GetFrameByident
 0001:000555D8       ceflib.TCefBrowserRef.GetFrameCount
 0001:000555E0       ceflib.TCefBrowserRef.GetFrameIdentifiers
 0001:000555EC       ceflib.TCefBrowserRef.GetFrameNames
 0001:00055510       ceflib.TCefBrowserRef.GetHost
 0001:0005584C       ceflib.TCefBrowserRef.GetIdentifier
 0001:0005575C       ceflib.TCefBrowserRef.GetMainFrame
 0001:0005577C       ceflib.TCefBrowserRef.GoBack
 0001:00055784       ceflib.TCefBrowserRef.GoForward
 0001:000557A0       ceflib.TCefBrowserRef.HasDocument
 0001:0005578C       ceflib.TCefBrowserRef.IsLoading
 0001:000557B4       ceflib.TCefBrowserRef.IsPopup
 0001:000557C8       ceflib.TCefBrowserRef.IsSame
 0001:00055834       ceflib.TCefBrowserRef.Reload
 0001:0005583C       ceflib.TCefBrowserRef.ReloadIgnoreCache
 0001:000556D0       ceflib.TCefBrowserRef.SendProcessMessage
 0001:00055844       ceflib.TCefBrowserRef.StopLoad
 0001:00055854       ceflib.TCefBrowserRef.UnWrap
 0001:0005A7CC       ceflib.TCefCallbackRef.Cancel
 0001:0005A7D4       ceflib.TCefCallbackRef.Cont
 0001:0005A7DC       ceflib.TCefCallbackRef.UnWrap
 0001:00057CA0       ceflib.TCefClientOwn.Create
 0001:00057D48       ceflib.TCefClientOwn.GetContextMenuHandler
 0001:00057D54       ceflib.TCefClientOwn.GetDialogHandler
 0001:00057D60       ceflib.TCefClientOwn.GetDisplayHandler
 0001:00057D6C       ceflib.TCefClientOwn.GetDownloadHandler
 0001:00057D78       ceflib.TCefClientOwn.GetDragHandler
 0001:00057D84       ceflib.TCefClientOwn.GetFindHandler
 0001:00057D90       ceflib.TCefClientOwn.GetFocusHandler
 0001:00057D9C       ceflib.TCefClientOwn.GetGeolocationHandler
 0001:00057DA8       ceflib.TCefClientOwn.GetJsdialogHandler
 0001:00057DB4       ceflib.TCefClientOwn.GetKeyboardHandler
 0001:00057DC0       ceflib.TCefClientOwn.GetLifeSpanHandler
 0001:00057DCC       ceflib.TCefClientOwn.GetLoadHandler
 0001:00057DD8       ceflib.TCefClientOwn.GetRenderHandler
 0001:00057DE4       ceflib.TCefClientOwn.GetRequestHandler
 0001:00057DF0       ceflib.TCefClientOwn.OnProcessMessageReceived
 0001:0005924C       ceflib.TCefCommandLineRef.AppendArgument
 0001:0005926C       ceflib.TCefCommandLineRef.AppendSwitch
 0001:0005928C       ceflib.TCefCommandLineRef.AppendSwitchWithValue
 0001:000592C4       ceflib.TCefCommandLineRef.Copy
 0001:000592E4       ceflib.TCefCommandLineRef.GetArguments
 0001:000593BC       ceflib.TCefCommandLineRef.GetArgv
 0001:00059494       ceflib.TCefCommandLineRef.GetCommandLineString
 0001:000594B0       ceflib.TCefCommandLineRef.GetProgram
 0001:000594CC       ceflib.TCefCommandLineRef.GetSwitches
 0001:000595A4       ceflib.TCefCommandLineRef.GetSwitchValue
 0001:000595D0       ceflib.TCefCommandLineRef.Global
 0001:000595EC       ceflib.TCefCommandLineRef.HasArguments
 0001:00059600       ceflib.TCefCommandLineRef.HasSwitch
 0001:00059628       ceflib.TCefCommandLineRef.HasSwitches
 0001:0005963C       ceflib.TCefCommandLineRef.InitFromArgv
 0001:00059648       ceflib.TCefCommandLineRef.InitFromString
 0001:00059668       ceflib.TCefCommandLineRef.IsReadOnly
 0001:0005967C       ceflib.TCefCommandLineRef.IsValid
 0001:00059690       ceflib.TCefCommandLineRef.New
 0001:000596AC       ceflib.TCefCommandLineRef.PrependWrapper
 0001:000596CC       ceflib.TCefCommandLineRef.Reset
 0001:000596D4       ceflib.TCefCommandLineRef.SetProgram
 0001:000596F4       ceflib.TCefCommandLineRef.UnWrap
 0001:0005AAF8       ceflib.TCefCompletionCallbackOwn.Create
 0001:0005AB40       ceflib.TCefCompletionCallbackOwn.OnComplete
 0001:00058180       ceflib.TCefCookieManagerRef.DeleteCookies
 0001:00058214       ceflib.TCefCookieManagerRef.DeleteCookiesProc
 0001:0005824C       ceflib.TCefCookieManagerRef.FlushStore
 0001:000582B8       ceflib.TCefCookieManagerRef.FlushStoreProc
 0001:000582E0       ceflib.TCefCookieManagerRef.Global
 0001:00058350       ceflib.TCefCookieManagerRef.GlobalProc
 0001:000580B4       ceflib.TCefCookieManagerRef.New
 0001:00058144       ceflib.TCefCookieManagerRef.NewProc
 0001:00058380       ceflib.TCefCookieManagerRef.SetCookie
 0001:00058570       ceflib.TCefCookieManagerRef.SetCookieProc
 0001:000585D4       ceflib.TCefCookieManagerRef.SetStoragePath
 0001:00058660       ceflib.TCefCookieManagerRef.SetStoragePathProc
 0001:00058698       ceflib.TCefCookieManagerRef.SetSupportedSchemes
 0001:00058794       ceflib.TCefCookieManagerRef.SetSupportedSchemesProc
 0001:000587C4       ceflib.TCefCookieManagerRef.UnWrap
 0001:0005880C       ceflib.TCefCookieManagerRef.VisitAllCookies
 0001:00058878       ceflib.TCefCookieManagerRef.VisitAllCookiesProc
 0001:000588F8       ceflib.TCefCookieManagerRef.VisitUrlCookies
 0001:00058984       ceflib.TCefCookieManagerRef.VisitUrlCookiesProc
 0001:00057BBC       ceflib.TCefCookieVisitorOwn.Create
 0001:00057C04       ceflib.TCefCookieVisitorOwn.visit
 0001:0005B31C       ceflib.TCefDeleteCookiesCallbackOwn.Create
 0001:00059F00       ceflib.TCefDictionaryValueRef.Clear
 0001:00059F14       ceflib.TCefDictionaryValueRef.Copy
 0001:00059F3C       ceflib.TCefDictionaryValueRef.GetBinary
 0001:00059F70       ceflib.TCefDictionaryValueRef.GetBool
 0001:00059F98       ceflib.TCefDictionaryValueRef.GetDictionary
 0001:00059FC8       ceflib.TCefDictionaryValueRef.GetDouble
 0001:00059FF8       ceflib.TCefDictionaryValueRef.GetInt
 0001:0005A018       ceflib.TCefDictionaryValueRef.GetKeys
 0001:0005A108       ceflib.TCefDictionaryValueRef.GetList
 0001:0005A13C       ceflib.TCefDictionaryValueRef.GetSize
 0001:0005A144       ceflib.TCefDictionaryValueRef.GetString
 0001:0005A170       ceflib.TCefDictionaryValueRef.GetType
 0001:0005A190       ceflib.TCefDictionaryValueRef.GetValue
 0001:0005A1C4       ceflib.TCefDictionaryValueRef.HasKey
 0001:0005A1EC       ceflib.TCefDictionaryValueRef.IsEqual
 0001:0005A258       ceflib.TCefDictionaryValueRef.isOwned
 0001:0005A26C       ceflib.TCefDictionaryValueRef.IsReadOnly
 0001:0005A280       ceflib.TCefDictionaryValueRef.IsSame
 0001:0005A2EC       ceflib.TCefDictionaryValueRef.IsValid
 0001:0005A300       ceflib.TCefDictionaryValueRef.New
 0001:0005A31C       ceflib.TCefDictionaryValueRef.Remove
 0001:0005A344       ceflib.TCefDictionaryValueRef.SetBinary
 0001:0005A3C8       ceflib.TCefDictionaryValueRef.SetBool
 0001:0005A3FC       ceflib.TCefDictionaryValueRef.SetDictionary
 0001:0005A480       ceflib.TCefDictionaryValueRef.SetDouble
 0001:0005A4B4       ceflib.TCefDictionaryValueRef.SetInt
 0001:0005A4E4       ceflib.TCefDictionaryValueRef.SetList
 0001:0005A56C       ceflib.TCefDictionaryValueRef.SetNull
 0001:0005A594       ceflib.TCefDictionaryValueRef.SetString
 0001:0005A5D4       ceflib.TCefDictionaryValueRef.SetValue
 0001:0005A658       ceflib.TCefDictionaryValueRef.UnWrap
 0001:00057EF4       ceflib.TCefDisplayHandlerOwn.Create
 0001:00057F64       ceflib.TCefDisplayHandlerOwn.OnAddressChange
 0001:00057F6C       ceflib.TCefDisplayHandlerOwn.OnConsoleMessage
 0001:00057F78       ceflib.TCefDisplayHandlerOwn.OnFaviconUrlChange
 0001:00057F7C       ceflib.TCefDisplayHandlerOwn.OnFullScreenModeChange
 0001:00057F80       ceflib.TCefDisplayHandlerOwn.OnStatusMessage
 0001:00057F84       ceflib.TCefDisplayHandlerOwn.OnTitleChange
 0001:00057F88       ceflib.TCefDisplayHandlerOwn.OnTooltip
 0001:000573E8       ceflib.TCefDomDocumentRef.GetBaseUrl
 0001:00057404       ceflib.TCefDomDocumentRef.GetBody
 0001:00057424       ceflib.TCefDomDocumentRef.GetCompleteUrl
 0001:00057450       ceflib.TCefDomDocumentRef.GetDocument
 0001:00057470       ceflib.TCefDomDocumentRef.GetElementById
 0001:000574A4       ceflib.TCefDomDocumentRef.GetFocusedNode
 0001:000574C4       ceflib.TCefDomDocumentRef.GetHead
 0001:000574E4       ceflib.TCefDomDocumentRef.GetSelectionAsMarkup
 0001:00057500       ceflib.TCefDomDocumentRef.GetSelectionAsText
 0001:0005751C       ceflib.TCefDomDocumentRef.GetSelectionEndOffset
 0001:00057524       ceflib.TCefDomDocumentRef.GetSelectionStartOffset
 0001:0005752C       ceflib.TCefDomDocumentRef.GetTitle
 0001:00057548       ceflib.TCefDomDocumentRef.GetType
 0001:00057558       ceflib.TCefDomDocumentRef.HasSelection
 0001:0005756C       ceflib.TCefDomDocumentRef.UnWrap
 0001:000575B4       ceflib.TCefDomNodeRef.GetAsMarkup
 0001:000575D0       ceflib.TCefDomNodeRef.GetDocument
 0001:000575F0       ceflib.TCefDomNodeRef.GetElementAttribute
 0001:0005761C       ceflib.TCefDomNodeRef.GetElementAttributes
 0001:00057638       ceflib.TCefDomNodeRef.GetElementInnerText
 0001:00057654       ceflib.TCefDomNodeRef.GetElementTagName
 0001:00057670       ceflib.TCefDomNodeRef.GetFirstChild
 0001:00057690       ceflib.TCefDomNodeRef.GetFormControlElementType
 0001:000576AC       ceflib.TCefDomNodeRef.GetLastChild
 0001:000576CC       ceflib.TCefDomNodeRef.GetName
 0001:000576E8       ceflib.TCefDomNodeRef.GetNextSibling
 0001:00057708       ceflib.TCefDomNodeRef.GetParent
 0001:00057728       ceflib.TCefDomNodeRef.GetPreviousSibling
 0001:00057748       ceflib.TCefDomNodeRef.GetType
 0001:00057758       ceflib.TCefDomNodeRef.GetValue
 0001:00057774       ceflib.TCefDomNodeRef.HasChildren
 0001:00057788       ceflib.TCefDomNodeRef.HasElementAttribute
 0001:000577B0       ceflib.TCefDomNodeRef.HasElementAttributes
 0001:000577C4       ceflib.TCefDomNodeRef.IsEditable
 0001:000577D8       ceflib.TCefDomNodeRef.IsElement
 0001:000577EC       ceflib.TCefDomNodeRef.IsFormControlElement
 0001:00057800       ceflib.TCefDomNodeRef.IsSame
 0001:0005786C       ceflib.TCefDomNodeRef.IsText
 0001:00057880       ceflib.TCefDomNodeRef.SetElementAttribute
 0001:000578C0       ceflib.TCefDomNodeRef.SetValue
 0001:000578E8       ceflib.TCefDomNodeRef.UnWrap
 0001:0005734C       ceflib.TCefDomVisitorOwn.Create
 0001:00057394       ceflib.TCefDomVisitorOwn.visit
 0001:0005AB44       ceflib.TCefFastCompletionCallback.Create
 0001:0005AB88       ceflib.TCefFastCompletionCallback.OnComplete
 0001:00057C10       ceflib.TCefFastCookieVisitor.Create
 0001:00057C54       ceflib.TCefFastCookieVisitor.visit
 0001:0005B364       ceflib.TCefFastDeleteCookiesCallback.Create
 0001:0005B3A8       ceflib.TCefFastDeleteCookiesCallback.OnComplete
 0001:00057398       ceflib.TCefFastDomVisitor.Create
 0001:000573DC       ceflib.TCefFastDomVisitor.visit
 0001:0005B224       ceflib.TCefFastNavigationEntryVisitor.Create
 0001:0005B268       ceflib.TCefFastNavigationEntryVisitor.Visit
 0001:0005B828       ceflib.TCefFastPdfPrintCallback.Create
 0001:0005B86C       ceflib.TCefFastPdfPrintCallback.OnPdfPrintFinished
 0001:0005A87C       ceflib.TCefFastRunFileDialogCallback.Create
 0001:0005A870       ceflib.TCefFastRunFileDialogCallback.OnFileDialogDismissed
 0001:0005B2CC       ceflib.TCefFastSetCookieCallback.Create
 0001:0005B310       ceflib.TCefFastSetCookieCallback.OnComplete
 0001:000591FC       ceflib.TCefFastStringVisitor.Create
 0001:00059240       ceflib.TCefFastStringVisitor.Visit
 0001:00057B08       ceflib.TCefFastV8Accessor.Create
 0001:00057B54       ceflib.TCefFastV8Accessor.Get
 0001:00057B98       ceflib.TCefFastV8Accessor.Put
 0001:000558B0       ceflib.TCefFrameRef.Copy
 0001:000558B8       ceflib.TCefFrameRef.Cut
 0001:000558C0       ceflib.TCefFrameRef.Del
 0001:000558C8       ceflib.TCefFrameRef.ExecuteJavaScript
 0001:00055908       ceflib.TCefFrameRef.GetBrowser
 0001:00055928       ceflib.TCefFrameRef.GetIdentifier
 0001:00055944       ceflib.TCefFrameRef.GetName
 0001:00055960       ceflib.TCefFrameRef.GetParent
 0001:00055980       ceflib.TCefFrameRef.GetSource
 0001:000559E0       ceflib.TCefFrameRef.GetSourceProc
 0001:00055A08       ceflib.TCefFrameRef.GetText
 0001:00055A68       ceflib.TCefFrameRef.GetTextProc
 0001:00055A90       ceflib.TCefFrameRef.GetUrl
 0001:00055AAC       ceflib.TCefFrameRef.GetV8Context
 0001:00055ACC       ceflib.TCefFrameRef.IsFocused
 0001:00055AE0       ceflib.TCefFrameRef.IsMain
 0001:0005589C       ceflib.TCefFrameRef.IsValid
 0001:00055AF4       ceflib.TCefFrameRef.LoadRequest
 0001:00055B54       ceflib.TCefFrameRef.LoadString
 0001:00055B8C       ceflib.TCefFrameRef.LoadUrl
 0001:00055BAC       ceflib.TCefFrameRef.Paste
 0001:00055BB4       ceflib.TCefFrameRef.Redo
 0001:00055BBC       ceflib.TCefFrameRef.SelectAll
 0001:00055BC4       ceflib.TCefFrameRef.Undo
 0001:00055CB0       ceflib.TCefFrameRef.UnWrap
 0001:00055BCC       ceflib.TCefFrameRef.ViewSource
 0001:00055BD4       ceflib.TCefFrameRef.VisitDom
 0001:00055C34       ceflib.TCefFrameRef.VisitDomProc
 0001:00057DFC       ceflib.TCefLifeSpanHandlerOwn.Create
 0001:00057E74       ceflib.TCefLifeSpanHandlerOwn.DoClose
 0001:00057E60       ceflib.TCefLifeSpanHandlerOwn.OnAfterCreated
 0001:00057E64       ceflib.TCefLifeSpanHandlerOwn.OnBeforeClose
 0001:00057E68       ceflib.TCefLifeSpanHandlerOwn.OnBeforePopup
 0001:00057E78       ceflib.TCefLifeSpanHandlerOwn.RunModal
 0001:000597C4       ceflib.TCefListValueRef.Clear
 0001:000597D8       ceflib.TCefListValueRef.Copy
 0001:00059814       ceflib.TCefListValueRef.GetBinary
 0001:0005983C       ceflib.TCefListValueRef.GetBool
 0001:00059854       ceflib.TCefListValueRef.GetDictionary
 0001:0005987C       ceflib.TCefListValueRef.GetDouble
 0001:00059894       ceflib.TCefListValueRef.GetInt
 0001:000598A0       ceflib.TCefListValueRef.GetList
 0001:000598C4       ceflib.TCefListValueRef.GetSize
 0001:000598CC       ceflib.TCefListValueRef.GetString
 0001:000598EC       ceflib.TCefListValueRef.GetType
 0001:00059900       ceflib.TCefListValueRef.GetValue
 0001:00059928       ceflib.TCefListValueRef.IsEqual
 0001:00059994       ceflib.TCefListValueRef.IsOwned
 0001:000599A8       ceflib.TCefListValueRef.IsReadOnly
 0001:000599BC       ceflib.TCefListValueRef.IsSame
 0001:00059A28       ceflib.TCefListValueRef.IsValid
 0001:000597F8       ceflib.TCefListValueRef.New
 0001:00059A3C       ceflib.TCefListValueRef.Remove
 0001:00059A54       ceflib.TCefListValueRef.SetBinary
 0001:00059AD0       ceflib.TCefListValueRef.SetBool
 0001:00059AF0       ceflib.TCefListValueRef.SetDictionary
 0001:00059B6C       ceflib.TCefListValueRef.SetDouble
 0001:00059B90       ceflib.TCefListValueRef.SetInt
 0001:00059BB0       ceflib.TCefListValueRef.SetList
 0001:00059C2C       ceflib.TCefListValueRef.SetNull
 0001:00059C44       ceflib.TCefListValueRef.SetSize
 0001:00059C5C       ceflib.TCefListValueRef.SetString
 0001:00059C88       ceflib.TCefListValueRef.SetValue
 0001:00059D04       ceflib.TCefListValueRef.UnWrap
 0001:00057E7C       ceflib.TCefLoadHandlerOwn.Create
 0001:00057ED8       ceflib.TCefLoadHandlerOwn.OnLoadEnd
 0001:00057EE0       ceflib.TCefLoadHandlerOwn.OnLoadError
 0001:00057EE8       ceflib.TCefLoadHandlerOwn.OnLoadingStateChange
 0001:00057EF0       ceflib.TCefLoadHandlerOwn.OnLoadStart
 0001:0005B14C       ceflib.TCefNavigationEntryRef.GetCompletionTime
 0001:0005B0DC       ceflib.TCefNavigationEntryRef.GetDisplayUrl
 0001:0005B178       ceflib.TCefNavigationEntryRef.GetHttpStatusCode
 0001:0005B0F8       ceflib.TCefNavigationEntryRef.GetOriginalUrl
 0001:0005B114       ceflib.TCefNavigationEntryRef.GetTitle
 0001:0005B130       ceflib.TCefNavigationEntryRef.GetTransitionType
 0001:0005B0C0       ceflib.TCefNavigationEntryRef.GetUrl
 0001:0005B138       ceflib.TCefNavigationEntryRef.HasPostData
 0001:0005B0AC       ceflib.TCefNavigationEntryRef.IsValid
 0001:0005B180       ceflib.TCefNavigationEntryRef.UnWrap
 0001:0005B1C8       ceflib.TCefNavigationEntryVisitorOwn.Create
 0001:0005B218       ceflib.TCefNavigationEntryVisitorOwn.Visit
 0001:0005B7D8       ceflib.TCefPdfPrintCallbackOwn.Create
 0001:00055F48       ceflib.TCefPostDataElementRef.GetBytes
 0001:00055F54       ceflib.TCefPostDataElementRef.GetBytesCount
 0001:00055F5C       ceflib.TCefPostDataElementRef.GetFile
 0001:00055F78       ceflib.TCefPostDataElementRef.GetType
 0001:00055F34       ceflib.TCefPostDataElementRef.IsReadOnly
 0001:00055F88       ceflib.TCefPostDataElementRef.New
 0001:00055FA4       ceflib.TCefPostDataElementRef.SetToBytes
 0001:00055FB0       ceflib.TCefPostDataElementRef.SetToEmpty
 0001:00055FB8       ceflib.TCefPostDataElementRef.SetToFile
 0001:00055FD8       ceflib.TCefPostDataElementRef.UnWrap
 0001:00055D0C       ceflib.TCefPostDataRef.AddElement
 0001:00055D70       ceflib.TCefPostDataRef.GetCount
 0001:00055D78       ceflib.TCefPostDataRef.GetElements
 0001:00055CF8       ceflib.TCefPostDataRef.IsReadOnly
 0001:00055E64       ceflib.TCefPostDataRef.New
 0001:00055E80       ceflib.TCefPostDataRef.RemoveElement
 0001:00055EE4       ceflib.TCefPostDataRef.RemoveElements
 0001:00055EEC       ceflib.TCefPostDataRef.UnWrap
 0001:000590B4       ceflib.TCefProcessMessageRef.Copy
 0001:000590D4       ceflib.TCefProcessMessageRef.GetArgumentList
 0001:000590F4       ceflib.TCefProcessMessageRef.GetName
 0001:00059110       ceflib.TCefProcessMessageRef.IsReadOnly
 0001:00059124       ceflib.TCefProcessMessageRef.IsValid
 0001:00059138       ceflib.TCefProcessMessageRef.New
 0001:00059168       ceflib.TCefProcessMessageRef.UnWrap
 0001:0005AF9C       ceflib.TCefRequestContextHandlerRef.GetCookieManager
 0001:0005AFBC       ceflib.TCefRequestContextHandlerRef.OnBeforePluginLoad
 0001:0005B064       ceflib.TCefRequestContextHandlerRef.UnWrap
 0001:0005AB94       ceflib.TCefRequestContextRef.ClearSchemeHandlerFactories
 0001:0005ABA8       ceflib.TCefRequestContextRef.GetCachePath
 0001:0005ABC4       ceflib.TCefRequestContextRef.GetDefaultCookieManager
 0001:0005AC40       ceflib.TCefRequestContextRef.GetDefaultCookieManagerProc
 0001:0005AC70       ceflib.TCefRequestContextRef.GetHandler
 0001:0005AC90       ceflib.TCefRequestContextRef.Global
 0001:0005ACAC       ceflib.TCefRequestContextRef.IsGlobal
 0001:0005ACC0       ceflib.TCefRequestContextRef.IsSame
 0001:0005AD2C       ceflib.TCefRequestContextRef.IsSharingWith
 0001:0005AD98       ceflib.TCefRequestContextRef.New
 0001:0005AE10       ceflib.TCefRequestContextRef.PurgePluginListCache
 0001:0005AE1C       ceflib.TCefRequestContextRef.RegisterSchemeHandlerFactory
 0001:0005AEB0       ceflib.TCefRequestContextRef.Shared
 0001:0005AF54       ceflib.TCefRequestContextRef.UnWrap
 0001:00056034       ceflib.TCefRequestRef.Assign
 0001:000560C8       ceflib.TCefRequestRef.GetFirstPartyForCookies
 0001:000560E4       ceflib.TCefRequestRef.GetFlags
 0001:000560F8       ceflib.TCefRequestRef.GetHeaderMap
 0001:00056114       ceflib.TCefRequestRef.GetIdentifier
 0001:00056130       ceflib.TCefRequestRef.GetMethod
 0001:0005614C       ceflib.TCefRequestRef.GetPostData
 0001:0005616C       ceflib.TCefRequestRef.GetResourceType
 0001:0005617C       ceflib.TCefRequestRef.GetTransitionType
 0001:00056184       ceflib.TCefRequestRef.GetUrl
 0001:00056020       ceflib.TCefRequestRef.IsReadOnly
 0001:000561A0       ceflib.TCefRequestRef.New
 0001:000561BC       ceflib.TCefRequestRef.SetFirstPartyForCookies
 0001:000561DC       ceflib.TCefRequestRef.SetFlags
 0001:000561F0       ceflib.TCefRequestRef.SetHeaderMap
 0001:0005620C       ceflib.TCefRequestRef.SetMethod
 0001:0005622C       ceflib.TCefRequestRef.SetPostData
 0001:00056290       ceflib.TCefRequestRef.SetUrl
 0001:000562B0       ceflib.TCefRequestRef.UnWrap
 0001:0005A6A0       ceflib.TCefResourceHandlerOwn.Cancel
 0001:0005A6A4       ceflib.TCefResourceHandlerOwn.CanGetCookie
 0001:0005A6A8       ceflib.TCefResourceHandlerOwn.CanSetCookie
 0001:0005A6AC       ceflib.TCefResourceHandlerOwn.Create
 0001:0005A71C       ceflib.TCefResourceHandlerOwn.GetResponseHeaders
 0001:0005A730       ceflib.TCefResourceHandlerOwn.ProcessRequest
 0001:0005A734       ceflib.TCefResourceHandlerOwn.ReadResponse
 0001:0005794C       ceflib.TCefResponseRef.GetHeader
 0001:00057978       ceflib.TCefResponseRef.GetHeaderMap
 0001:00057994       ceflib.TCefResponseRef.GetMimeType
 0001:000579B0       ceflib.TCefResponseRef.GetStatus
 0001:000579B8       ceflib.TCefResponseRef.GetStatusText
 0001:000579D4       ceflib.TCefResponseRef.IsReadOnly
 0001:00057930       ceflib.TCefResponseRef.New
 0001:000579E8       ceflib.TCefResponseRef.SetHeaderMap
 0001:00057A04       ceflib.TCefResponseRef.SetMimeType
 0001:00057A24       ceflib.TCefResponseRef.SetStatus
 0001:00057A30       ceflib.TCefResponseRef.SetStatusText
 0001:00057A50       ceflib.TCefResponseRef.UnWrap
 0001:0005A824       ceflib.TCefRunFileDialogCallbackOwn.Create
 0001:0005A86C       ceflib.TCefRunFileDialogCallbackOwn.OnFileDialogDismissed
 0001:0005A740       ceflib.TCefSchemeHandlerFactoryOwn.Create
 0001:0005A794       ceflib.TCefSchemeHandlerFactoryOwn.New
 0001:0005973C       ceflib.TCefSchemeRegistrarRef.AddCustomScheme
 0001:0005977C       ceflib.TCefSchemeRegistrarRef.UnWrap
 0001:0005B284       ceflib.TCefSetCookieCallbackOwn.Create
 0001:000591B0       ceflib.TCefStringVisitorOwn.Create
 0001:000591F8       ceflib.TCefStringVisitorOwn.Visit
 0001:0005A8F8       ceflib.TCefTaskRunnerRef.BelongsToCurrentThread
 0001:0005A90C       ceflib.TCefTaskRunnerRef.BelongsToThread
 0001:0005A924       ceflib.TCefTaskRunnerRef.GetForCurrentThread
 0001:0005A940       ceflib.TCefTaskRunnerRef.GetForThread
 0001:0005A960       ceflib.TCefTaskRunnerRef.IsSame
 0001:0005A9CC       ceflib.TCefTaskRunnerRef.PostDelayedTask
 0001:0005AA40       ceflib.TCefTaskRunnerRef.PostTask
 0001:0005AAB0       ceflib.TCefTaskRunnerRef.UnWrap
 0001:00057A98       ceflib.TCefV8AccessorOwn.Create
 0001:00057AE8       ceflib.TCefV8AccessorOwn.Get
 0001:00057AFC       ceflib.TCefV8AccessorOwn.Put
 0001:000570EC       ceflib.TCefv8ContextRef.Current
 0001:00057108       ceflib.TCefv8ContextRef.Enter
 0001:0005711C       ceflib.TCefv8ContextRef.Entered
 0001:0005724C       ceflib.TCefv8ContextRef.Eval
 0001:00057138       ceflib.TCefv8ContextRef.Exit
 0001:0005714C       ceflib.TCefv8ContextRef.GetBrowser
 0001:0005716C       ceflib.TCefv8ContextRef.GetFrame
 0001:0005718C       ceflib.TCefv8ContextRef.GetGlobal
 0001:000571AC       ceflib.TCefv8ContextRef.GetTaskRunner
 0001:000571CC       ceflib.TCefv8ContextRef.IsSame
 0001:00057238       ceflib.TCefv8ContextRef.IsValid
 0001:00057304       ceflib.TCefv8ContextRef.UnWrap
 0001:00057F8C       ceflib.TCefV8ExceptionRef.GetEndColumn
 0001:00057F94       ceflib.TCefV8ExceptionRef.GetEndPosition
 0001:00057F9C       ceflib.TCefV8ExceptionRef.GetLineNumber
 0001:00057FA4       ceflib.TCefV8ExceptionRef.GetMessage
 0001:00057FC0       ceflib.TCefV8ExceptionRef.GetScriptResourceName
 0001:00057FDC       ceflib.TCefV8ExceptionRef.GetSourceLine
 0001:00057FF8       ceflib.TCefV8ExceptionRef.GetStartColumn
 0001:00058000       ceflib.TCefV8ExceptionRef.GetStartPosition
 0001:00058008       ceflib.TCefV8ExceptionRef.UnWrap
 0001:00056F2C       ceflib.TCefv8HandlerRef.Execute
 0001:000570A4       ceflib.TCefv8HandlerRef.UnWrap
 0001:000562F8       ceflib.TCefv8ValueRef.AdjustExternallyAllocatedMemory
 0001:00056B08       ceflib.TCefv8ValueRef.ClearException
 0001:000565D4       ceflib.TCefv8ValueRef.DeleteValueByIndex
 0001:000565F0       ceflib.TCefv8ValueRef.DeleteValueByKey
 0001:00056618       ceflib.TCefv8ValueRef.ExecuteFunction
 0001:00056734       ceflib.TCefv8ValueRef.ExecuteFunctionWithContext
 0001:00056874       ceflib.TCefv8ValueRef.GetArrayLength
 0001:00056880       ceflib.TCefv8ValueRef.GetBoolValue
 0001:00056894       ceflib.TCefv8ValueRef.GetDateValue
 0001:000568C0       ceflib.TCefv8ValueRef.GetDoubleValue
 0001:00056AE8       ceflib.TCefv8ValueRef.GetException
 0001:000568D4       ceflib.TCefv8ValueRef.GetExternallyAllocatedMemory
 0001:000568E0       ceflib.TCefv8ValueRef.GetFunctionHandler
 0001:00056904       ceflib.TCefv8ValueRef.GetFunctionName
 0001:00056920       ceflib.TCefv8ValueRef.GetIntValue
 0001:00056930       ceflib.TCefv8ValueRef.GetKeys
 0001:00056A90       ceflib.TCefv8ValueRef.GetStringValue
 0001:00056928       ceflib.TCefv8ValueRef.GetUIntValue
 0001:00056B4C       ceflib.TCefv8ValueRef.GetUserData
 0001:00056B70       ceflib.TCefv8ValueRef.GetValueByIndex
 0001:00056B98       ceflib.TCefv8ValueRef.GetValueByKey
 0001:00056AD4       ceflib.TCefv8ValueRef.HasException
 0001:00056BD0       ceflib.TCefv8ValueRef.HasValueByIndex
 0001:00056BE8       ceflib.TCefv8ValueRef.HasValueByKey
 0001:00056C10       ceflib.TCefv8ValueRef.IsArray
 0001:00056C24       ceflib.TCefv8ValueRef.IsBool
 0001:00056C38       ceflib.TCefv8ValueRef.IsDate
 0001:00056C4C       ceflib.TCefv8ValueRef.IsDouble
 0001:00056C60       ceflib.TCefv8ValueRef.IsFunction
 0001:00056C74       ceflib.TCefv8ValueRef.IsInt
 0001:00056C9C       ceflib.TCefv8ValueRef.IsNull
 0001:00056CB0       ceflib.TCefv8ValueRef.IsObject
 0001:00056CC4       ceflib.TCefv8ValueRef.IsSame
 0001:00056D30       ceflib.TCefv8ValueRef.IsString
 0001:00056C88       ceflib.TCefv8ValueRef.IsUInt
 0001:00056D44       ceflib.TCefv8ValueRef.IsUndefined
 0001:00056AAC       ceflib.TCefv8ValueRef.IsUserCreated
 0001:00056AC0       ceflib.TCefv8ValueRef.IsValid
 0001:00056304       ceflib.TCefv8ValueRef.NewArray
 0001:00056324       ceflib.TCefv8ValueRef.NewBool
 0001:00056348       ceflib.TCefv8ValueRef.NewDate
 0001:00056380       ceflib.TCefv8ValueRef.NewDouble
 0001:000563AC       ceflib.TCefv8ValueRef.NewFunction
 0001:00056438       ceflib.TCefv8ValueRef.NewInt
 0001:00056478       ceflib.TCefv8ValueRef.NewNull
 0001:00056494       ceflib.TCefv8ValueRef.NewObject
 0001:00056504       ceflib.TCefv8ValueRef.NewObjectProc
 0001:00056588       ceflib.TCefv8ValueRef.NewString
 0001:00056458       ceflib.TCefv8ValueRef.NewUInt
 0001:000565B8       ceflib.TCefv8ValueRef.NewUndefined
 0001:00056B30       ceflib.TCefv8ValueRef.SetRethrowExceptions
 0001:00056A20       ceflib.TCefv8ValueRef.SetUserData
 0001:00056D58       ceflib.TCefv8ValueRef.SetValueByAccessor
 0001:00056D9C       ceflib.TCefv8ValueRef.SetValueByIndex
 0001:00056E1C       ceflib.TCefv8ValueRef.SetValueByKey
 0001:00056EAC       ceflib.TCefv8ValueRef.UnWrap
 0001:00056B1C       ceflib.TCefv8ValueRef.WillRethrowExceptions
 0001:0005B3B4       ceflib.TCefValueRef.Copy
 0001:0005B3D4       ceflib.TCefValueRef.GetBinary
 0001:0005B3F4       ceflib.TCefValueRef.GetBool
 0001:0005B408       ceflib.TCefValueRef.GetDictionary
 0001:0005B428       ceflib.TCefValueRef.GetDouble
 0001:0005B43C       ceflib.TCefValueRef.GetInt
 0001:0005B444       ceflib.TCefValueRef.GetList
 0001:0005B464       ceflib.TCefValueRef.GetString
 0001:0005B480       ceflib.TCefValueRef.GetType
 0001:0005B490       ceflib.TCefValueRef.IsEqual
 0001:0005B4FC       ceflib.TCefValueRef.IsOwned
 0001:0005B510       ceflib.TCefValueRef.IsReadOnly
 0001:0005B524       ceflib.TCefValueRef.IsSame
 0001:0005B590       ceflib.TCefValueRef.IsValid
 0001:0005B5A4       ceflib.TCefValueRef.New
 0001:0005B5C0       ceflib.TCefValueRef.SetBinary
 0001:0005B62C       ceflib.TCefValueRef.SetBool
 0001:0005B644       ceflib.TCefValueRef.SetDictionary
 0001:0005B6B0       ceflib.TCefValueRef.SetDouble
 0001:0005B6D0       ceflib.TCefValueRef.SetInt
 0001:0005B6E8       ceflib.TCefValueRef.SetList
 0001:0005B754       ceflib.TCefValueRef.SetNull
 0001:0005B768       ceflib.TCefValueRef.SetString
 0001:0005B790       ceflib.TCefValueRef.UnWrap
 0001:0005004C       ceflib.TInternalApp.GetBrowserProcessHandler
 0001:00050060       ceflib.TInternalApp.GetRenderProcessHandler
 0001:00050038       ceflib.TInternalApp.GetResourceBundleHandler
 0001:0005000C       ceflib.TInternalApp.OnBeforeCommandLineProcessing
 0001:00050024       ceflib.TInternalApp.OnRegisterCustomSchemes
 0001:00050074       ceflib.TzSpecificLocalTimeToSystemTime
 0001:00009198       SysInit...
 0001:00009178       SysInit...
 0003:00000C2C       SysInit...
 0001:00009270       SysInit...
 0001:00009168       SysInit...
 0001:00009260       SysInit...
 0001:0000923C       SysInit...
 0001:000091A8       SysInit...
 0001:000091B8       SysInit...
 0001:000091CC       SysInit...
 0001:00009188       SysInit...
 0001:000091FC       SysInit...
 0001:00009214       SysInit...
 0004:00002C58       SysInit..1
 0001:00008BC0       SysInit.@DelayLoadHelper2
 0001:00008C20       SysInit.@GetTls
 0001:00008C6C       SysInit.@InitExe
 0001:00008CB8       SysInit.@_delayLoadHelper2
 0001:00008F98       SysInit.@_FUnloadDelayLoadedDLL2
 0001:000090A8       SysInit.@_HrLoadAllImportsForDll
 0004:00002C54       SysInit.@_pfnDliFailureHook2
 0004:00002C50       SysInit.@_pfnDliNotifyHook2
 0001:00008BC8       SysInit.AllocTlsBuffer
 0003:00000C0C       SysInit.DelayLoadHelper
 0001:00009280       SysInit.Finalization
 0001:00008B70       SysInit.FreeLibrary
 0001:00008BA0       SysInit.GetLastError
 0001:00008B78       SysInit.GetModuleHandle
 0001:00008BB8       SysInit.GetProcAddress
 0001:00008BD4       SysInit.GetTlsSize
 0004:00002C48       SysInit.HInstance
 0001:00008C60       SysInit.InitializeModule
 0001:00008BDC       SysInit.InitThreadTLS
 0001:00008B60       SysInit.InterlockedExchange
 0001:00008BA8       SysInit.LoadLibraryA
 0001:00008B80       SysInit.LocalAlloc
 0001:00008B88       SysInit.LocalFree
 0003:00000C10       SysInit.Module
 0004:00002C45       SysInit.ModuleIsCpp
 0004:00002C44       SysInit.ModuleIsLib
 0003:00000C08       SysInit.PtrToNil
 0001:00008BB0       SysInit.RaiseException
 0001:00009160       SysInit.ShutdownDelayHelp2
 0002:000000B4       SysInit.SysInit
 0004:00002C5C       SysInit.tlsBuffer
 0001:00008B90       SysInit.TlsGetValue
 0003:00000C04       SysInit.TlsIndex
 0005:00000014       SysInit.TlsLast
 0001:00008B98       SysInit.TlsSetValue
 0004:FFF96000       SysInit.__ImageBase
 0001:00001850       System.$thunk_GetLogicalProcessorInformation
 0004:00000904       System..8
 0001:00000DC8       System..TInterfacedObject
 0001:000004D8       System..TObject
 0001:00003720       System.@AbstractError
 0001:000042D8       System.@AfterConstruction
 0001:00003F68       System.@AsClass
 0001:000053DC       System.@Assert
 0001:00005A50       System.@AStrCmp
 0001:00004328       System.@BeforeDestruction
 0001:00003AD8       System.@BoundErr
 0001:00003FE4       System.@CallDynaInst
 0001:00004280       System.@ClassCreate
 0001:000042D0       System.@ClassDestroy
 0001:00003798       System.@Close
 0001:00005ACC       System.@Copy
 0001:000068C8       System.@CopyArray
 0001:00006788       System.@CopyRecord
 0001:00006A08       System.@DispCallByIDError
 0001:000069E0       System.@Dispose
 0001:00004D50       System.@DoneExcept
 0001:0000702C       System.@DynArrayAddRef
 0001:00007004       System.@DynArrayAsg
 0001:00006FC8       System.@DynArrayClear
 0001:00006E10       System.@DynArrayHigh
 0001:00006E08       System.@DynArrayLength
 0001:00006FBC       System.@DynArraySetLength
 0001:00004E38       System.@ExceptionHandler
 0001:000037F0       System.@FillChar
 0001:00006764       System.@Finalize
 0001:00006654       System.@FinalizeArray
 0001:00006604       System.@FinalizeRecord
 0001:00003ACC       System.@FpuInit
 0001:00003414       System.@FreeMem
 0001:000033F8       System.@GetMem
 0001:000053B4       System.@Halt
 0001:00005288       System.@Halt0
 0001:000048F8       System.@HandleAnyException
 0001:00004BAC       System.@HandleFinally
 0001:00004C54       System.@HandleFinallyInternal
 0001:00004A24       System.@HandleOnException
 0001:0000656C       System.@InitializeArray
 0001:00003AB0       System.@InitializeControlWord
 0001:00006538       System.@InitializeRecord
 0001:00005138       System.@InitImports
 0001:000050F4       System.@InitResStringImports
 0001:00008558       System.@IntfAddRef
 0001:00003F98       System.@IntfAsClass
 0001:00008528       System.@IntfCast
 0001:000084E4       System.@IntfClear
 0001:000084FC       System.@IntfCopy
 0001:00003AE0       System.@IntOver
 0001:00003F44       System.@IsClass
 0001:00005554       System.@LStrArrayClr
 0001:00005910       System.@LStrAsg
 0001:000054E8       System.@LStrClr
 0001:00005B10       System.@LStrFromPChar
 0001:00005670       System.@LStrFromPCharLen
 0001:00005B44       System.@LStrFromPWChar
 0001:000057F0       System.@LStrFromPWCharLen
 0001:00005B84       System.@LStrFromString
 0001:00005C9C       System.@LStrFromUStr
 0001:00005B98       System.@LStrFromWStr
 0001:00005958       System.@LStrLAsg
 0001:00005C24       System.@LStrSetLength
 0001:00005C0C       System.@LStrToPChar
 0001:00005BB0       System.@LStrToString
 0001:00005458       System.@NewAnsiString
 0001:00005418       System.@NewUnicodeString
 0001:000054AC       System.@NewWideString
 0001:00005990       System.@PCharLen
 0001:000039C8       System.@Pow10
 0001:00005AC0       System.@PStrCpy
 0001:000059A4       System.@PWCharLen
 0001:00004CFC       System.@RaiseAgain
 0001:00004C8C       System.@RaiseExcept
 0001:0000342C       System.@ReallocMem
 0001:000036F0       System.@ROUND
 0001:000053C0       System.@RunError
 0001:00003990       System.@SetElem
 0001:000039B4       System.@SetUnion
 0001:00004FF4       System.@StartExe
 0001:00001838       System.@strlen
 0001:000036FC       System.@TRUNC
 0001:00004D80       System.@TryFinallyExit
 0001:00005A48       System.@UniqueStringA
 0001:00005A40       System.@UniqueStringU
 0001:000055A8       System.@UStrAddRef
 0001:00005524       System.@UStrArrayClr
 0001:00005874       System.@UStrAsg
 0001:000060C4       System.@UStrCat
 0001:0000611C       System.@UStrCat3
 0001:000061A4       System.@UStrCatN
 0001:000054C4       System.@UStrClr
 0001:0000628C       System.@UStrCopy
 0001:000062D4       System.@UStrDelete
 0001:00006254       System.@UStrEqual
 0001:00005F88       System.@UStrFromLStr
 0001:00005F00       System.@UStrFromPChar
 0001:0000573C       System.@UStrFromPCharLen
 0001:00005F30       System.@UStrFromPWChar
 0001:0000561C       System.@UStrFromPWCharLen
 0001:00006038       System.@UStrFromString
 0001:00005F6C       System.@UStrFromWArray
 0001:00005EF0       System.@UStrFromWChar
 0001:00005FA8       System.@UStrFromWStr
 0001:000058BC       System.@UStrLAsg
 0001:00005984       System.@UStrLen
 0001:00006044       System.@UStrSetLength
 0001:00005ED8       System.@UStrToPWChar
 0001:00005FCC       System.@UStrToString
 0001:00006B90       System.@ValInt64
 0001:0000388C       System.@ValLong
 0001:0000663C       System.@VarClr
 0001:00006770       System.@VarCopy
 0001:00005E7C       System.@WCharToString
 0001:00005584       System.@WStrArrayClr
 0001:000058E8       System.@WStrAsg
 0001:0000550C       System.@WStrClr
 0001:00005D50       System.@WStrCmp
 0001:00005DDC       System.@WStrCopy
 0001:00005DD4       System.@WStrEqual
 0001:00005D30       System.@WStrFromLStr
 0001:00005CC4       System.@WStrFromPChar
 0001:000057E0       System.@WStrFromPCharLen
 0001:00005CF4       System.@WStrFromPWChar
 0001:0000564C       System.@WStrFromPWCharLen
 0001:00005FBC       System.@WStrFromUStr
 0001:00005E28       System.@WStrSetLength
 0001:0000354C       System.@_IOTest
 0001:00006A34       System.@_lldiv
 0001:00006B14       System.@_llmod
 0001:00006A10       System.@_llmul
 0001:00006AC8       System.@_lludiv
 0004:00000034       System.AbstractErrorProc
 0001:0000349C       System.AcquireExceptionObject
 0001:00008374       System.AddModuleUnloadProc
 0001:00008384       System.AddModuleUnloadProc
 0001:00001D2C       System.AllocateLargeBlock
 0001:000033E0       System.AllocMem
 0001:00001C6C       System.AllocNewSequentialFeedMediumPool
 0004:00000908       System.AllocSize2SmallBlockTypeIndX4
 0003:00000064       System.AnsiStringBlockMessage
 0001:00002954       System.AppendClassNameToBuffer
 0001:0000293C       System.AppendStringToBuffer
 0004:0000002C       System.AssertErrorProc
 0001:00001C00       System.BinMediumSequentialFeedRemainder
 0001:00003170       System.BuildBlockTypeLookupTable
 0003:0000005C       System.BytesMessage
 0004:00002B98       System.CachedLangID
 0004:00002B9A       System.CachedLanguageNames
 0001:000055B8       System.CharFromWChar
 0001:000055E4       System.CharFromWChar
 0001:000017C0       System.CharNext
 0001:000076D0       System.CheckDifferentLanguageList
 0001:00004874       System.CheckJmp
 0001:00002BB4       System.CheckSmallBlockPoolForLeaks
 0001:000016C8       System.CloseHandle
 0004:00000048       System.CmdLine
 0004:00000044       System.CmdShow
 0001:000017C8       System.CompareString
 0001:0000744C       System.ConvertResToUILanguages
 0001:000069F0       System.CopyArray
 0003:0000004C       System.Copyright
 0004:00000058       System.CPUCount
 0004:00002B80       System.CrSec
 0003:00000030       System.DebugHook
 0003:00000028       System.Default8087CW
 0003:0000002C       System.DefaultMXCSR
 0004:000008F4       System.DefaultSystemCodePage
 0004:000008F8       System.DefaultUnicodeCodePage
 0001:00007038       System.DelayLoadResourceModule
 0001:00001708       System.DeleteCriticalSection
 0004:00000004       System.DispCallByIDProc
 0004:00002B40       System.DLLThreadContext
 0001:00006E18       System.DynArrayClear
 0001:00006E20       System.DynArraySetLength
 0003:000009F0       System.EmptyStringA
 0003:000009F4       System.EmptyStringW
 0001:000016F8       System.EnterCriticalSection
 0001:00008348       System.EnumResourceModules
 0003:000009BA       System.errCaption
 0001:00003534       System.Error
 0003:00000004       System.ErrorAddr
 0001:000034E8       System.ErrorAt
 0004:0000000C       System.ErrorProc
 0004:00000614       System.ErrOutput
 0004:00000010       System.ExceptClsProc
 0004:00000024       System.ExceptionAcquired
 0004:00000028       System.ExceptionClass
 0001:0000347C       System.ExceptObject
 0004:00000014       System.ExceptObjProc
 0004:00000008       System.ExceptProc
 0003:00000000       System.ExitCode
 0001:000051C4       System.ExitDll
 0004:0000004C       System.ExitProc
 0001:00001718       System.ExitProcess
 0004:00000030       System.ExitProcessProc
 0004:00002B04       System.ExpectedMemoryLeaks
 0004:00002B08       System.ExpectedMemoryLeaksListLocked
 0003:0000000C       System.FileMode
 0001:00008AD4       System.Finalization
 0001:00006A00       System.FinalizeArray
 0001:000073D4       System.FinalizeLocaleDate
 0001:0000338C       System.FinalizeMemoryManager
 0001:00004F20       System.FinalizeUnits
 0001:00007974       System.FindBS
 0001:000016E0       System.FindClose
 0001:000016E8       System.FindFirstFile
 0001:00007080       System.FindResourceHInstance
 0001:0000378C       System.Flush
 0001:000039C0       System.FPower10
 0001:000032DC       System.FreeAllMemory
 0001:00001D90       System.FreeLargeBlock
 0001:00001740       System.FreeLibrary
 0001:000036D4       System.Get8087CW
 0001:00001780       System.GetACP
 0001:00003A7C       System.GetBriefSSEType
 0001:00001868       System.GetCmdShow
 0001:00001750       System.GetCommandLine
 0001:00008A3C       System.GetCPUCount
 0001:00001710       System.GetCurrentThreadId
 0001:00003FB4       System.GetDynaMethod
 0001:000028B0       System.GetFirstAndLastSmallBlockInPool
 0001:00002870       System.GetFirstMediumBlockInPool
 0001:00001738       System.GetLastError
 0001:00001798       System.GetLocaleInfo
 0001:00007EA8       System.GetLocaleOverride
 0001:00001860       System.GetLogicalProcessorInformation
 0001:00001758       System.GetModuleFileName
 0001:00001760       System.GetModuleHandle
 0001:000036DC       System.GetMXCSR
 0001:00002A80       System.GetObjectClass
 0001:00007738       System.GetPreferredLangForNewOS
 0001:0000753C       System.GetPreferredLangForOldOS
 0001:00001768       System.GetProcAddress
 0001:00008160       System.GetResourceModuleName
 0001:00001770       System.GetStartupInfo
 0001:000016D0       System.GetStdHandle
 0001:000017A8       System.GetSystemDefaultUILanguage
 0001:000017F8       System.GetSystemInfo
 0004:00002B70       System.GetThreadPreferredUILanguages
 0004:00002B78       System.GetThreadUILanguage
 0001:00001800       System.GetTickCount
 0001:00007854       System.GetUILanguages
 0001:000017A0       System.GetUserDefaultUILanguage
 0001:000017F0       System.GetVersion
 0003:000009DE       System.hexDigits
 0004:00002B10       System.InitContext
 0001:000016F0       System.InitializeCriticalSection
 0001:000072E4       System.InitializeLocaleData
 0001:000031B4       System.InitializeMemoryManager
 0001:00004F88       System.InitUnits
 0005:00000004       System.InOutRes
 0004:0000005C       System.Input
 0001:00001BA0       System.InsertMediumBlockIntoBin
 0001:00001688       System.InterlockedAdd
 0001:00001694       System.InterlockedCompareExchange
 0001:0000169C       System.InterlockedCompareExchangePointer
 0001:000016A4       System.InterlockedDecrement
 0001:000016B0       System.InterlockedExchange
 0001:000016BC       System.InterlockedIncrement
 0001:00003744       System.InternalFlush
 0001:00007B8C       System.InternalGetLocaleOverride
 0001:00002A00       System.InternalIsValidClass
 0001:000059FC       System.InternalUniqueStringA
 0001:000059B8       System.InternalUniqueStringU
 0001:000056A8       System.InternalUStrFromPCharLen
 0001:0000574C       System.InternalWStrFromPCharLen
 0001:00003D14       System.InvokeImplGetter
 0001:0000357C       System.IOResult
 0004:00000050       System.IsConsole
 0004:00000040       System.IsLibrary
 0004:00000051       System.IsMultiThread
 0001:000017B8       System.IsValidLocale
 0001:00002988       System.IsValidVMTAddress
 0003:00000031       System.JITEnable
 0001:00001840       System.kernel32.dll
 0004:00002AF4       System.LargeBlocksCircularList
 0004:00002AF0       System.LargeBlocksLocked
 0003:00000058       System.LargeLeakDetail
 0001:000073E0       System.LastHyphenPos
 0004:00000A64       System.LastSequentiallyFedMediumBlock
 0003:0000006C       System.LeakMessageFooter
 0003:00000050       System.LeakMessageHeader
 0003:00000070       System.LeakMessageTitle
 0001:00001700       System.LeaveCriticalSection
 0003:00000034       System.LibModuleList
 0001:00008094       System.Load3LettersModule
 0001:00007FC8       System.LoadLanguageList
 0001:00001778       System.LoadLibraryEx
 0001:0000827C       System.LoadResourceModule
 0001:00008988       System.LoadResString
 0001:0000503C       System.LoadResStringA
 0001:000050E0       System.LoadResStringU
 0001:00005090       System.LoadResStringW
 0001:00001748       System.LoadString
 0001:000089F4       System.LocaleCharsFromUnicode
 0003:000009F8       System.LocaleTable
 0001:000019D4       System.LockCmpxchg
 0001:00002AA8       System.LockExpectedMemoryLeaksList
 0001:00001CE4       System.LockLargeBlocks
 0001:00001830       System.lstrcpyn
 0004:00000038       System.MainInstance
 0004:0000003C       System.MainThreadID
 0001:0000515C       System.MakeErrorMessage
 0004:00002B0C       System.MappingObjectHandle
 0001:00004D98       System.MapToRunError
 0004:00000A70       System.MediumBlockBinBitmaps
 0004:00000A6C       System.MediumBlockBinGroupBitmap
 0004:00000AF0       System.MediumBlockBins
 0004:00000A50       System.MediumBlockPoolsCircularList
 0004:00000A60       System.MediumBlocksLocked
 0004:00000A68       System.MediumSequentialFeedBytesLeft
 0003:00000754       System.MemoryManager
 0001:000017D0       System.MessageBoxA
 0004:00000A4E       System.MinimumBlockAlignment
 0003:00000038       System.ModuleUnloadList
 0004:000008F0       System.MonitorSupport
 0001:0000359C       System.Move
 0001:000019DC       System.Move12
 0001:000019F0       System.Move20
 0001:00001A10       System.Move28
 0001:00001A3C       System.Move36
 0001:00001A5C       System.Move44
 0001:00001A80       System.Move52
 0001:00001AAC       System.Move60
 0001:00001ADC       System.Move68
 0001:00001B14       System.MoveX16LP
 0001:00001B44       System.MoveX8LP
 0001:00001788       System.MultiByteToWideChar
 0001:000028EC       System.NativeUIntToStrBuf
 0004:00000901       System.NeverSleepOnMMThreadContention
 0001:0000284C       System.NextMediumBlock
 0003:00000032       System.NoErrMsg
 0001:00004860       System.NotifyAnyExcept
 0001:00004834       System.NotifyExcept
 0001:00004894       System.NotifyExceptFinally
 0001:00008408       System.NotifyModuleUnload
 0001:00004810       System.NotifyNonDelphiException
 0001:0000484C       System.NotifyOnExcept
 0001:000047F4       System.NotifyReRaise
 0001:000048BC       System.NotifyTerminate
 0001:000048D8       System.NotifyUnhandled
 0003:0000003C       System.ObjCastGUID
 0004:00000338       System.Output
 0001:00006338       System.Pos
 0001:00006378       System.Pos
 0003:00000788       System.Pow10Tab0
 0003:000008C8       System.Pow10Tab1
 0003:00000960       System.Pow10Tab2
 0003:00000C00       System.PreferredLanguagesOverride
 0001:00001808       System.QueryPerformanceCounter
 0001:00001720       System.RaiseException
 0004:00000018       System.RaiseExceptionProc
 0004:00000020       System.RaiseExceptObjProc
 0001:000034D0       System.RaiseList
 0005:00000000       System.RaiseListPtr
 0001:0000369C       System.Randomize
 0003:00000008       System.RandSeed
 0001:00001E34       System.ReallocateLargeBlock
 0001:000017D8       System.RegCloseKey
 0001:00008464       System.RegisterModule
 0001:000017E0       System.RegOpenKeyEx
 0001:000017E8       System.RegQueryValueEx
 0003:0000076C       System.reMap
 0001:00001B60       System.RemoveMediumFreeBlock
 0001:0000837C       System.RemoveModuleUnloadProc
 0001:000083A4       System.RemoveModuleUnloadProc
 0004:00000900       System.ReportMemoryLeaksOnShutdown
 0001:00007F5C       System.ResouceDLLExists
 0001:00001728       System.RtlUnwind
 0004:0000001C       System.RTLUnwindProc
 0003:000009C0       System.runErrMsg
 0001:000034DC       System.RunErrorAt
 0001:00002D70       System.ScanForMemoryLeaks
 0001:000036C4       System.Set8087CW
 0001:000063C4       System.SetCodePage
 0001:00004ED8       System.SetExceptionHandler
 0001:0000356C       System.SetInOutRes
 0001:00007F0C       System.SetLocaleOverride
 0001:000017B0       System.SetThreadLocale
 0004:00002B74       System.SetThreadPreferredUILanguages
 0001:00008A50       System.SetUtf8CompareLocale
 0001:000018A4       System.Sleep
 0003:00000074       System.SmallBlockTypes
 0003:00000054       System.SmallLeakDetail
 0001:00002818       System.SysAllocMem
 0001:00001818       System.SysAllocStringLen
 0001:00002308       System.SysFreeMem
 0001:00001828       System.SysFreeString
 0001:00001F84       System.SysGetMem
 0001:00002500       System.SysReallocMem
 0001:00001820       System.SysReAllocStringLen
 0001:00002B1C       System.SysRegisterExpectedMemoryLeak
 0002:00000000       System.System
 0001:00002B5C       System.SysUnregisterExpectedMemoryLeak
 0004:00000052       System.Test8086
 0004:00000054       System.TestSSE
 0001:00008A8C       System.TGUID.&op_Equality
 0001:00008AB0       System.TGUID.&op_Inequality
 0001:00008AC4       System.TGUID.Empty
 0001:000076F4       System.ThreadUILanguages
 0001:00008564       System.TInterfacedObject.AfterConstruction
 0001:00008570       System.TInterfacedObject.BeforeDestruction
 0001:00008580       System.TInterfacedObject.NewInstance
 0001:00008590       System.TInterfacedObject.QueryInterface
 0001:000085B8       System.TInterfacedObject._AddRef
 0001:000085CC       System.TInterfacedObject._Release
 0004:00000000       System.TMonitor.CacheLineSize
 0001:00004434       System.TMonitor.CheckMonitorSupport
 0001:00004448       System.TMonitor.CheckOwningThread
 0001:00004460       System.TMonitor.Create
 0001:000044B4       System.TMonitor.Destroy
 0001:0000449C       System.TMonitor.Destroy
 0001:000044FC       System.TMonitor.Enter
 0001:000044E0       System.TMonitor.Enter
 0001:00004694       System.TMonitor.Exit
 0001:000046E0       System.TMonitor.Exit
 0001:00004338       System.TMonitor.GetCacheLineSize
 0001:000046F8       System.TMonitor.GetEvent
 0001:00004760       System.TMonitor.GetFieldAddress
 0001:00004770       System.TMonitor.GetMonitor
 0001:000047AC       System.TMonitor.TryEnter
 0001:00004040       System.TObject.AfterConstruction
 0001:00004044       System.TObject.BeforeDestruction
 0001:00004018       System.TObject.ClassInfo
 0001:00003AF0       System.TObject.ClassName
 0001:00003B98       System.TObject.ClassNameIs
 0001:00003C14       System.TObject.ClassParent
[...]
 17370 0001:0005944A 17377 0001:0005945A 17379 0001:0005946D 17382 0001:00059494
 17383 0001:0005949B 17384 0001:000594A9 17387 0001:000594B0 17388 0001:000594B7
 17389 0001:000594C5 17396 0001:000594CC 17397 0001:000594EC 17398 0001:000594F5
 17399 0001:00059503 17400 0001:0005950E 17402 0001:00059523 17403 0001:00059532
 17404 0001:00059544 17405 0001:00059559 17400 0001:0005955A 17407 0001:0005956A
 17409 0001:0005957D 17414 0001:000595A4 17415 0001:000595B0 17416 0001:000595B9
 17417 0001:000595C8 17420 0001:000595D0 17421 0001:000595D6 17422 0001:000595E7
 17425 0001:000595EC 17426 0001:000595F0 17427 0001:000595FC 17432 0001:00059600
 17433 0001:00059609 17434 0001:00059612 17435 0001:0005961F 17438 0001:00059628
 17439 0001:0005962C 17440 0001:00059638 17444 0001:0005963C 17445 0001:0005963D
 17446 0001:00059646 17451 0001:00059648 17452 0001:00059651 17453 0001:0005965A
 17454 0001:00059662 17457 0001:00059668 17458 0001:0005966C 17459 0001:00059678
 17462 0001:0005967C 17463 0001:00059680 17464 0001:0005968C 17467 0001:00059690
 17468 0001:00059696 17469 0001:000596A7 17474 0001:000596AC 17475 0001:000596B5
 17476 0001:000596BE 17477 0001:000596C6 17481 0001:000596CC 17482 0001:000596D3
 17487 0001:000596D4 17488 0001:000596DD 17489 0001:000596E6 17490 0001:000596EE
 17493 0001:000596F4 17494 0001:000596FD 17495 0001:00059701 17496 0001:00059720
 17497 0001:00059727 17505 0001:0005973C 17506 0001:00059747 17507 0001:00059752
 17509 0001:00059771 17513 0001:0005977C 17514 0001:00059785 17515 0001:00059789
 17516 0001:000597A8 17517 0001:000597AF 17986 0001:000597C4 17987 0001:000597C8
 17988 0001:000597D4 17991 0001:000597D8 17992 0001:000597DF 17993 0001:000597F1
 17996 0001:000597F8 17997 0001:000597FE 17998 0001:0005980F 18001 0001:00059814
 18002 0001:0005981E 18003 0001:00059834 18006 0001:0005983C 18007 0001:00059843
 18008 0001:00059850 18011 0001:00059854 18012 0001:0005985E 18013 0001:00059874
 18016 0001:0005987C 18017 0001:0005987F 18018 0001:0005988B 18022 0001:00059894
 18023 0001:0005989C 18026 0001:000598A0 18027 0001:000598AA 18028 0001:000598BD
 18032 0001:000598C4 18033 0001:000598CB 18036 0001:000598CC 18037 0001:000598D6
 18038 0001:000598E5 18041 0001:000598EC 18042 0001:000598F3 18043 0001:000598FB
 18046 0001:00059900 18047 0001:0005990A 18048 0001:00059920 18051 0001:00059928
 18052 0001:00059942 18053 0001:0005996F 18056 0001:00059994 18057 0001:00059998
 18058 0001:000599A4 18061 0001:000599A8 18062 0001:000599AC 18063 0001:000599B8
 18066 0001:000599BC 18067 0001:000599D6 18068 0001:00059A03 18071 0001:00059A28
 18072 0001:00059A2C 18073 0001:00059A38 18076 0001:00059A3C 18077 0001:00059A43
 18078 0001:00059A50 18082 0001:00059A54 18083 0001:00059A77 18084 0001:00059AA8
 18087 0001:00059AD0 18088 0001:00059ADA 18089 0001:00059AEB 18093 0001:00059AF0
 18094 0001:00059B13 18095 0001:00059B44 18098 0001:00059B6C 18099 0001:00059B76
 18100 0001:00059B89 18103 0001:00059B90 18104 0001:00059B9A 18105 0001:00059BA8
 18109 0001:00059BB0 18110 0001:00059BD3 18111 0001:00059C04 18114 0001:00059C2C
 18115 0001:00059C33 18116 0001:00059C40 18119 0001:00059C44 18120 0001:00059C4B
 18121 0001:00059C58 18127 0001:00059C5C 18128 0001:00059C68 18129 0001:00059C71
 18130 0001:00059C7F 18134 0001:00059C88 18135 0001:00059CAB 18136 0001:00059CDC
 18139 0001:00059D04 18140 0001:00059D0D 18141 0001:00059D11 18142 0001:00059D30
 18143 0001:00059D37 18148 0001:00059D4C 18149 0001:00059D53 18150 0001:00059D65
 18154 0001:00059D6C 18155 0001:00059D71 18156 0001:00059D7E 18160 0001:00059D84
 18161 0001:00059D8B 18164 0001:00059D8C 18165 0001:00059DA6 18166 0001:00059DD3
 18169 0001:00059DF8 18170 0001:00059DFC 18171 0001:00059E08 18174 0001:00059E0C
 18175 0001:00059E26 18176 0001:00059E53 18179 0001:00059E78 18180 0001:00059E7C
 18181 0001:00059E88 18184 0001:00059E8C 18185 0001:00059E98 18186 0001:00059EAF
 18189 0001:00059EB8 18190 0001:00059EC1 18191 0001:00059EC5 18192 0001:00059EE4
 18193 0001:00059EEB 18198 0001:00059F00 18199 0001:00059F04 18200 0001:00059F10
 18204 0001:00059F14 18205 0001:00059F1E 18206 0001:00059F34 18211 0001:00059F3C
 18212 0001:00059F48 18213 0001:00059F51 18214 0001:00059F67 18219 0001:00059F70
 18220 0001:00059F79 18221 0001:00059F82 18222 0001:00059F8F 18228 0001:00059F98
 18229 0001:00059FA4 18230 0001:00059FAD 18231 0001:00059FC0 18236 0001:00059FC8
 18237 0001:00059FD1 18238 0001:00059FDC 18239 0001:00059FEC 18244 0001:00059FF8
 18245 0001:0005A001 18246 0001:0005A00A 18247 0001:0005A012 18254 0001:0005A018
 18255 0001:0005A038 18256 0001:0005A041 18257 0001:0005A04F 18258 0001:0005A060
 18259 0001:0005A06F 18261 0001:0005A084 18262 0001:0005A093 18263 0001:0005A0A5
 18264 0001:0005A0BA 18259 0001:0005A0BB 18266 0001:0005A0CB 18268 0001:0005A0DE
 18273 0001:0005A108 18274 0001:0005A114 18275 0001:0005A11D 18276 0001:0005A133
 18280 0001:0005A13C 18281 0001:0005A143 18286 0001:0005A144 18287 0001:0005A150
 18288 0001:0005A159 18289 0001:0005A168 18294 0001:0005A170 18295 0001:0005A179
 18296 0001:0005A182 18297 0001:0005A18A 18302 0001:0005A190 18303 0001:0005A19C
 18304 0001:0005A1A5 18305 0001:0005A1BB 18310 0001:0005A1C4 18311 0001:0005A1CD
 18312 0001:0005A1D6 18313 0001:0005A1E3 18317 0001:0005A1EC 18318 0001:0005A206
 18319 0001:0005A233 18322 0001:0005A258 18323 0001:0005A25C 18324 0001:0005A268
 18327 0001:0005A26C 18328 0001:0005A270 18329 0001:0005A27C 18333 0001:0005A280
 18334 0001:0005A29A 18335 0001:0005A2C7 18338 0001:0005A2EC 18339 0001:0005A2F0
 18340 0001:0005A2FC 18343 0001:0005A300 18344 0001:0005A306 18345 0001:0005A317
 18350 0001:0005A31C 18351 0001:0005A325 18352 0001:0005A32E 18353 0001:0005A33B
 18359 0001:0005A344 18360 0001:0005A366 18361 0001:0005A370 18362 0001:0005A3A1
 18368 0001:0005A3C8 18369 0001:0005A3D4 18370 0001:0005A3DD 18371 0001:0005A3F2
 18377 0001:0005A3FC 18378 0001:0005A41E 18379 0001:0005A428 18380 0001:0005A459
 18386 0001:0005A480 18387 0001:0005A48C 18388 0001:0005A496 18389 0001:0005A4AC
 18395 0001:0005A4B4 18396 0001:0005A4C0 18397 0001:0005A4C9 18398 0001:0005A4DB
 18404 0001:0005A4E4 18405 0001:0005A506 18406 0001:0005A510 18407 0001:0005A544
 18412 0001:0005A56C 18413 0001:0005A575 18414 0001:0005A57E 18415 0001:0005A58B
 18420 0001:0005A594 18421 0001:0005A5A0 18422 0001:0005A5A9 18423 0001:0005A5B4
 18424 0001:0005A5CA 18430 0001:0005A5D4 18431 0001:0005A5F6 18432 0001:0005A600
 18433 0001:0005A631 18437 0001:0005A658 18438 0001:0005A661 18439 0001:0005A665
 18440 0001:0005A684 18441 0001:0005A68B 18570 0001:0005A6A0 18574 0001:0005A6A4
 18575 0001:0005A6A6 18579 0001:0005A6A8 18580 0001:0005A6AA 18585 0001:0005A6AC
 18586 0001:0005A6C1 18587 0001:0005A6D1 18589 0001:0005A6D4 18590 0001:0005A6DB
 18591 0001:0005A6E2 18592 0001:0005A6E9 18593 0001:0005A6F0 18594 0001:0005A6F7
 18596 0001:0005A6FE 18601 0001:0005A71C 18603 0001:0005A72A 18608 0001:0005A730
 18609 0001:0005A732 18614 0001:0005A734 18615 0001:0005A737 18616 0001:0005A739
 18622 0001:0005A740 18623 0001:0005A759 18624 0001:0005A769 18625 0001:0005A76C
 18626 0001:0005A76F 18627 0001:0005A776 18632 0001:0005A794 18633 0001:0005A7A0
 18634 0001:0005A7C4 18640 0001:0005A7CC 18641 0001:0005A7D3 18645 0001:0005A7D4
 18646 0001:0005A7DB 18649 0001:0005A7DC 18650 0001:0005A7E5 18651 0001:0005A7E9
 18652 0001:0005A808 18653 0001:0005A80F 18900 0001:0005A824 18901 0001:0005A836
 18902 0001:0005A846 18903 0001:0005A849 18904 0001:0005A850 18910 0001:0005A86C
 18916 0001:0005A870 18917 0001:0005A871 18918 0001:0005A879 18922 0001:0005A87C
 18923 0001:0005A8AB 18924 0001:0005A8B4 18925 0001:0005A8BF 18944 0001:0005A8F8
 18945 0001:0005A8FC 18946 0001:0005A908 18949 0001:0005A90C 18950 0001:0005A913
 18951 0001:0005A920 18954 0001:0005A924 18955 0001:0005A92A 18956 0001:0005A93B
 18959 0001:0005A940 18960 0001:0005A949 18961 0001:0005A95C 18964 0001:0005A960
 18965 0001:0005A97A 18966 0001:0005A9A7 18970 0001:0005A9CC 18971 0001:0005A9E6
 18972 0001:0005AA19 18975 0001:0005AA40 18976 0001:0005AA59 18977 0001:0005AA87
 18980 0001:0005AAB0 18981 0001:0005AAB9 18982 0001:0005AABD 18983 0001:0005AADC
 18984 0001:0005AAE3 19174 0001:0005AAF8 19175 0001:0005AB0A 19176 0001:0005AB1A
 19177 0001:0005AB1D 19178 0001:0005AB24 19183 0001:0005AB40 19189 0001:0005AB44
 19190 0001:0005AB59 19191 0001:0005AB62 19192 0001:0005AB6C 19196 0001:0005AB88
 19197 0001:0005AB90 19391 0001:0005AB94 19392 0001:0005AB98 19393 0001:0005ABA4
 19396 0001:0005ABA8 19397 0001:0005ABAF 19398 0001:0005ABBD 19402 0001:0005ABC4
 19403 0001:0005ABE7 19406 0001:0005AC1C 19410 0001:0005AC40 19411 0001:0005AC49
 19412 0001:0005AC69 19415 0001:0005AC70 19416 0001:0005AC77 19417 0001:0005AC8C
 19420 0001:0005AC90 19421 0001:0005AC96 19422 0001:0005ACA7 19425 0001:0005ACAC
 19426 0001:0005ACB0 19427 0001:0005ACBC 19430 0001:0005ACC0 19431 0001:0005ACDA
 19432 0001:0005AD07 19436 0001:0005AD2C 19437 0001:0005AD46 19438 0001:0005AD73
 19443 0001:0005AD98 19444 0001:0005ADB4 19445 0001:0005ADE9 19449 0001:0005AE10
 19450 0001:0005AE1B 19456 0001:0005AE1C 19457 0001:0005AE3E 19458 0001:0005AE48
 19459 0001:0005AE52 19460 0001:0005AE88 19464 0001:0005AEB0 19465 0001:0005AECE
 19466 0001:0005AF21 19469 0001:0005AF54 19470 0001:0005AF5D 19471 0001:0005AF61
 19472 0001:0005AF80 19473 0001:0005AF87 19478 0001:0005AF9C 19479 0001:0005AFA3
 19480 0001:0005AFB8 19487 0001:0005AFBC 19488 0001:0005AFDE 19489 0001:0005AFE8
 19490 0001:0005AFF2 19491 0001:0005AFFD 19493 0001:0005B03B 19497 0001:0005B064
 19498 0001:0005B06D 19499 0001:0005B071 19500 0001:0005B090 19501 0001:0005B097
 19783 0001:0005B0AC 19784 0001:0005B0B0 19785 0001:0005B0BC 19788 0001:0005B0C0
 19789 0001:0005B0C7 19790 0001:0005B0D5 19793 0001:0005B0DC 19794 0001:0005B0E3
 19795 0001:0005B0F1 19798 0001:0005B0F8 19799 0001:0005B0FF 19800 0001:0005B10D
 19803 0001:0005B114 19804 0001:0005B11B 19805 0001:0005B129 19809 0001:0005B130
 19810 0001:0005B137 19813 0001:0005B138 19814 0001:0005B13C 19815 0001:0005B148
 19818 0001:0005B14C 19819 0001:0005B153 19820 0001:0005B16C 19824 0001:0005B178
 19825 0001:0005B17F 19828 0001:0005B180 19829 0001:0005B189 19830 0001:0005B18D
 19831 0001:0005B1AC 19832 0001:0005B1B3 19837 0001:0005B1C8 19838 0001:0005B1DF
 19839 0001:0005B1EE 19840 0001:0005B1F1 19841 0001:0005B1F8 19845 0001:0005B218
 19846 0001:0005B21B 19847 0001:0005B21D 19853 0001:0005B224 19854 0001:0005B239
 19855 0001:0005B243 19856 0001:0005B24C 19860 0001:0005B268 19861 0001:0005B26C
 19862 0001:0005B27C 19876 0001:0005B284 19877 0001:0005B296 19878 0001:0005B2A6
 19879 0001:0005B2A9 19880 0001:0005B2B0 19886 0001:0005B2CC 19887 0001:0005B2E1
 19888 0001:0005B2EA 19889 0001:0005B2F4 19893 0001:0005B310 19894 0001:0005B318
 19899 0001:0005B31C 19900 0001:0005B32E 19901 0001:0005B33E 19902 0001:0005B341
 19903 0001:0005B348 19909 0001:0005B364 19910 0001:0005B379 19911 0001:0005B382
 19912 0001:0005B38C 19916 0001:0005B3A8 19917 0001:0005B3B0 19922 0001:0005B3B4
 19923 0001:0005B3BB 19924 0001:0005B3CD 19927 0001:0005B3D4 19928 0001:0005B3DB
 19929 0001:0005B3F0 19932 0001:0005B3F4 19933 0001:0005B3F8 19934 0001:0005B404
 19937 0001:0005B408 19938 0001:0005B40F 19939 0001:0005B424 19942 0001:0005B428
 19943 0001:0005B42B 19944 0001:0005B436 19948 0001:0005B43C 19949 0001:0005B443
 19952 0001:0005B444 19953 0001:0005B44B 19954 0001:0005B460 19957 0001:0005B464
 19958 0001:0005B46B 19959 0001:0005B479 19962 0001:0005B480 19963 0001:0005B484
 19964 0001:0005B48B 19967 0001:0005B490 19968 0001:0005B4AA 19969 0001:0005B4D7
 19972 0001:0005B4FC 19973 0001:0005B500 19974 0001:0005B50C 19977 0001:0005B510
 19978 0001:0005B514 19979 0001:0005B520 19982 0001:0005B524 19983 0001:0005B53E
 19984 0001:0005B56B 19987 0001:0005B590 19988 0001:0005B594 19989 0001:0005B5A0
 19992 0001:0005B5A4 19993 0001:0005B5AA 19994 0001:0005B5BB 19997 0001:0005B5C0
 19998 0001:0005B5DA 19999 0001:0005B607 20002 0001:0005B62C 20003 0001:0005B633
 20004 0001:0005B640 20007 0001:0005B644 20008 0001:0005B65E 20009 0001:0005B68B
 20012 0001:0005B6B0 20013 0001:0005B6B7 20014 0001:0005B6C9 20017 0001:0005B6D0
 20018 0001:0005B6D7 20019 0001:0005B6E4 20022 0001:0005B6E8 20023 0001:0005B702
 20024 0001:0005B72F 20027 0001:0005B754 20028 0001:0005B758 20029 0001:0005B764
 20034 0001:0005B768 20035 0001:0005B771 20036 0001:0005B77A 20037 0001:0005B787
 20040 0001:0005B790 20041 0001:0005B799 20042 0001:0005B79D 20043 0001:0005B7BC
 20044 0001:0005B7C3 20208 0001:0005B7D8 20209 0001:0005B7EF 20210 0001:0005B7FE
 20211 0001:0005B801 20212 0001:0005B808 20218 0001:0005B828 20219 0001:0005B83D
 20220 0001:0005B847 20221 0001:0005B850 20225 0001:0005B86C 20226 0001:0005B86D
 20227 0001:0005B875 20288 0001:0005B878 20290 0001:0005B89A

Line numbers for ceflib(ceflib.pas) segment .itext

 20284 0002:00000584 20285 0002:0000058D 20287 0002:00000595

Line numbers for ceffilescheme(ceffilescheme.pas) segment .text

    56 0001:0005F360    57 0001:0005F37E    58 0001:0005F385    61 0001:0005F390
    62 0001:0005F397    63 0001:0005F3BF    64 0001:0005F3CA    65 0001:0005F3EC
    66 0001:0005F400    59 0001:0005F403    68 0001:0005F40B    83 0001:0005F66C
    84 0001:0005F68F    85 0001:0005F699    86 0001:0005F6A5    87 0001:0005F6B1
    88 0001:0005F6B7    99 0001:0005F6D8   100 0001:0005F6E1   101 0001:0005F71D
   102 0001:0005F76A   103 0001:0005F7B7   104 0001:0005F804   105 0001:0005F84E
   106 0001:0005F898   107 0001:0005F8A4   114 0001:0005F978   115 0001:0005F994
   116 0001:0005F9A1   117 0001:0005F9AE   119 0001:0005F9E0   120 0001:0005FA09
   125 0001:0005FA2C   126 0001:0005FA52   127 0001:0005FA5D   128 0001:0005FA66
   129 0001:0005FABD   133 0001:0005FB60   135 0001:0005FB6B   136 0001:0005FB76
   137 0001:0005FB83   139 0001:0005FB87   140 0001:0005FB92   141 0001:0005FB9F
   142 0001:0005FBA4   148 0001:0005FBA8   149 0001:0005FBC9   150 0001:0005FBD8
   151 0001:0005FBEF   152 0001:0005FBF9   155 0001:0005FC07   156 0001:0005FC11
   158 0001:0005FC16   159 0001:0005FC17   160 0001:0005FC1C   163 0001:0005FC21
   164 0001:0005FC24   165 0001:0005FC25   166 0001:0005FC32   169 0001:0005FC6F
   170 0001:0005FC77   175 0001:0005FC79   177 0001:0005FC7B   178 0001:0005FC7C
   153 0001:0005FC7D   180 0001:0005FC84   181 0001:0005FC9C   189 0001:0005FCE0
   190 0001:0005FCFF   191 0001:0005FD08   192 0001:0005FD0A   195 0001:0005FD0C
   196 0001:0005FD32   197 0001:0005FD49   198 0001:0005FD4E   200 0001:0005FD53
   201 0001:0005FD5D   202 0001:0005FD62   203 0001:0005FD67   205 0001:0005FD71
   206 0001:0005FD76   208 0001:0005FD78   209 0001:0005FD7A   212 0001:0005FD89
   213 0001:0005FD8F   214 0001:0005FD94   219 0001:0005FD9B   223 0001:0005FDA4
   224 0001:0005FDB3   227 0001:0005FDBA   237 0001:0005FDEC   193 0001:0005FDEF
   240 0001:0005FDF4   241 0001:0005FDFC   247 0001:0005FE30   248 0001:0005FE45
   249 0001:0005FE5A   250 0001:0005FE5F   253 0001:0005FE7C   254 0001:0005FE87
   255 0001:0005FE8E   256 0001:0005FE93   257 0001:0005FE9E   261 0001:0005FEAC
   262 0001:0005FEC3   263 0001:0005FECD   264 0001:0005FED7   265 0001:0005FEE1
   266 0001:0005FEED   282 0001:0005FEF4   284 0001:0005FF0A   285 0001:0005FF19
   289 0001:0005FF3E   294 0001:0005FF60   296 0001:0005FF76   300 0001:0005FF85
   301 0001:0005FFAA   304 0001:0005FFCC   305 0001:0006000D   307 0001:00060014
   308 0001:00060043   309 0001:00060053   310 0001:00060057   312 0001:00060065
   314 0001:00060080   315 0001:0006008A   316 0001:0006009A   318 0001:000600A5
   319 0001:000600B7   320 0001:000600C5   321 0001:000600D5   322 0001:000600FD
   323 0001:00060126   324 0001:0006015A   326 0001:00060177   328 0001:0006018A
   329 0001:00060193   330 0001:000601A3   332 0001:000601C2   334 0001:000601D7
   335 0001:000601E1   336 0001:000601F1   337 0001:00060205   338 0001:00060213
   339 0001:00060235   340 0001:00060247   341 0001:00060266   342 0001:00060274
   344 0001:00060292   347 0001:000602A5   349 0001:000602EF   352 0001:0006031F
   353 0001:00060331   354 0001:0006036C   355 0001:0006037B   357 0001:00060386
   359 0001:00060396   360 0001:000603A7   359 0001:000603DD   362 0001:000603E0
   363 0001:000603EF   365 0001:0006040C   369 0001:0006041F   370 0001:00060429
   373 0001:00060439   375 0001:0006044B   377 0001:00060478   378 0001:00060488
   381 0001:00060497   382 0001:000604A2   386 0001:000607E0   387 0001:000607ED
   388 0001:000607FF   389 0001:00060801   390 0001:00060809   392 0001:00060819

Line numbers for cefclient(cefclient.dpr) segment .text

    99 0001:00060BF8   100 0001:00060C32   101 0001:00060C3E   103 0001:00060C4B
   106 0001:00060C55   107 0001:00060C67   108 0001:00060C73   109 0001:00060C87
   111 0001:00060C8B   112 0001:00060C95   114 0001:00060CCE   116 0001:00060CD5
   118 0001:00060CF1   120 0001:00060D0D   123 0001:00060D59   124 0001:00060D63
   125 0001:00060D6D   129 0001:00060D74   130 0001:00060D93   131 0001:00060D95
   133 0001:00060DA2   137 0001:00060DD0   139 0001:00060DD3   144 0001:00060E01
   146 0001:00060E04   151 0001:00060E32   153 0001:00060E35   157 0001:00060E63
   159 0001:00060E66   167 0001:00060E98   168 0001:00060EAE   170 0001:00060EC5
   171 0001:00060ED4   172 0001:00060EDB   173 0001:00060EE2   174 0001:00060EE5
   175 0001:00060EEE   176 0001:00060EF7   177 0001:00060F02   178 0001:00060F0A
   179 0001:00060F1B   181 0001:00060F25   182 0001:00060F40   183 0001:00060F47
   184 0001:00060F4E   185 0001:00060F55   186 0001:00060F61   191 0001:00060F68
   192 0001:00060F75   193 0001:00060F8B   194 0001:00060FA1   195 0001:00060FBA
   196 0001:00060FD0   199 0001:00060FD7   202 0001:00060FF2   203 0001:00060FFC
   207 0001:00061003   208 0001:0006100D   212 0001:00061014   213 0001:0006101E
   217 0001:00061025   218 0001:0006102F   221 0001:00061036   225 0001:0006104C
   226 0001:00061056   227 0001:0006105D   231 0001:00061073   232 0001:0006107C
   233 0001:000610A5   237 0001:000610AC   241 0001:000610B9   242 0001:000610C6
   243 0001:000610CD   244 0001:000610D9   245 0001:000610E3   246 0001:00061107
   248 0001:00061158   250 0001:00061161   253 0001:00061174   255 0001:00061187
   257 0001:00061198   263 0001:00061238   264 0001:0006124A   265 0001:00061253
   266 0001:00061270   267 0001:0006128D   268 0001:000612AA   271 0001:000612C4
   272 0001:000612CA   273 0001:000612D4   276 0001:000612D8   277 0001:000612DE
   278 0001:000612E8   281 0001:000612EC   282 0001:000612F2   283 0001:000612FC
   288 0001:00061300   289 0001:00061303   291 0001:00061312   292 0001:00061323
   294 0001:00061327   295 0001:00061329   298 0001:0006132C   299 0001:0006132F
   302 0001:0006133A   303 0001:00061346   305 0001:00061355   308 0001:00061358
   309 0001:0006135B   310 0001:0006136A   311 0001:00061374   318 0001:00061378
   319 0001:00061390   320 0001:0006139E   322 0001:000613A2   323 0001:000613A4
   325 0001:000613BB   331 0001:00061408   332 0001:0006140E   333 0001:0006141D
   334 0001:00061424   338 0001:0006142C   339 0001:0006142F   341 0001:0006143E
   342 0001:00061445   343 0001:00061451   345 0001:0006145D   351 0001:00061460
   352 0001:00061469   353 0001:00061483   354 0001:00061497   358 0001:000614A0
   359 0001:000614A6   360 0001:000614B5   361 0001:000614C8   365 0001:000614CC
   366 0001:000614DD   378 0001:000649C8

Line numbers for cefclient(cefclient.dpr) segment .itext

   373 0002:00000AA0   377 0002:00000AE6   378 0002:00000AF1   381 0002:00000B04
   382 0002:00000B0C   384 0002:00000B19   386 0002:00000B2B   387 0002:00000B39
   388 0002:00000B3F   389 0002:00000B46   390 0002:00000B4B   391 0002:00000B50
   392 0002:00000B58   393 0002:00000B67   394 0002:00000B76   395 0002:00000B7B
   396 0002:00000B80   398 0002:00000B88   400 0002:00000B8E   413 0002:00000BC7
   414 0002:00000BD4   417 0002:00000BDF   426 0002:00000BF1   428 0002:00000C03

Bound resource files

ceffilescheme.res
cefclient.drf


Program entry point at 0002:00000AA0
